Component: ARM Compiler 5.06 update 6 (build 750) Tool: armlink [4d35ed]

==============================================================================

Section Cross References

    startup_stm32f103xe.o(RESET) refers to startup_stm32f103xe.o(STACK) for __initial_sp
    startup_stm32f103xe.o(RESET) refers to startup_stm32f103xe.o(.text) for Reset_Handler
    startup_stm32f103xe.o(RESET) refers to stm32f1xx_it.o(i.NMI_Handler) for NMI_Handler
    startup_stm32f103xe.o(RESET) refers to stm32f1xx_it.o(i.HardFault_Handler) for HardFault_Handler
    startup_stm32f103xe.o(RESET) refers to stm32f1xx_it.o(i.MemManage_Handler) for MemManage_Handler
    startup_stm32f103xe.o(RESET) refers to stm32f1xx_it.o(i.BusFault_Handler) for BusFault_Handler
    startup_stm32f103xe.o(RESET) refers to stm32f1xx_it.o(i.UsageFault_Handler) for UsageFault_Handler
    startup_stm32f103xe.o(RESET) refers to port.o(.emb_text) for SVC_Handler
    startup_stm32f103xe.o(RESET) refers to stm32f1xx_it.o(i.DebugMon_Handler) for DebugMon_Handler
    startup_stm32f103xe.o(RESET) refers to port.o(i.SysTick_Handler) for SysTick_Handler
    startup_stm32f103xe.o(RESET) refers to stm32f1xx_it.o(i.EXTI0_IRQHandler) for EXTI0_IRQHandler
    startup_stm32f103xe.o(RESET) refers to stm32f1xx_it.o(i.EXTI1_IRQHandler) for EXTI1_IRQHandler
    startup_stm32f103xe.o(RESET) refers to stm32f1xx_it.o(i.DMA1_Channel5_IRQHandler) for DMA1_Channel5_IRQHandler
    startup_stm32f103xe.o(RESET) refers to stm32f1xx_it.o(i.TIM4_IRQHandler) for TIM4_IRQHandler
    startup_stm32f103xe.o(RESET) refers to stm32f1xx_it.o(i.USART1_IRQHandler) for USART1_IRQHandler
    startup_stm32f103xe.o(.text) refers to system_stm32f1xx.o(i.SystemInit) for SystemInit
    startup_stm32f103xe.o(.text) refers to entry.o(.ARM.Collect$$$$00000000) for __main
    dma_iddle.o(i.DMA_IrqHandler) refers to dma_iddle.o(i.check_for) for check_for
    dma_iddle.o(i.DMA_IrqHandler) refers to dma_iddle.o(.data) for .data
    dma_iddle.o(i.DMA_IrqHandler) refers to main.o(.bss) for DMA_RX_Buffer
    dma_iddle.o(i.DMA_IrqHandler) refers to main.o(.data) for check_value
    dma_iddle.o(i.USART_IrqHandler) refers to dma_iddle.o(i.DMA_IrqHandler) for DMA_IrqHandler
    dma_iddle.o(i.check_for) refers to main.o(.bss) for DMA_RX_Buffer
    sensor.o(i.AK8963readRegister) refers to sensor.o(i.IMUwriteRegister) for IMUwriteRegister
    sensor.o(i.AK8963readRegister) refers to cmsis_os2.o(i.osDelay) for osDelay
    sensor.o(i.AK8963readRegister) refers to stm32f1xx_hal_i2c.o(i.HAL_I2C_Master_Transmit) for HAL_I2C_Master_Transmit
    sensor.o(i.AK8963readRegister) refers to stm32f1xx_hal_i2c.o(i.HAL_I2C_Master_Receive) for HAL_I2C_Master_Receive
    sensor.o(i.AK8963readRegister) refers to sensor.o(.data) for .data
    sensor.o(i.AK8963writeRegister) refers to sensor.o(i.IMUwriteRegister) for IMUwriteRegister
    sensor.o(i.AK8963writeRegister) refers to sensor.o(i.AK8963readRegister) for AK8963readRegister
    sensor.o(i.GPS_Process) refers to _scanf_int.o(.text) for _scanf_int
    sensor.o(i.GPS_Process) refers to _scanf_str.o(.text) for _scanf_string
    sensor.o(i.GPS_Process) refers to scanf_fp.o(.text) for _scanf_real
    sensor.o(i.GPS_Process) refers to strstr.o(.text) for strstr
    sensor.o(i.GPS_Process) refers to memseta.o(.text) for __aeabi_memclr4
    sensor.o(i.GPS_Process) refers to __0sscanf.o(.text) for __0sscanf
    sensor.o(i.GPS_Process) refers to sensor.o(i.convertDegMinToDecDeg) for convertDegMinToDecDeg
    sensor.o(i.GPS_Process) refers to sensor.o(.conststring) for .conststring
    sensor.o(i.IMUconfig) refers to sensor.o(i.IMUwriteRegister) for IMUwriteRegister
    sensor.o(i.IMUconfig) refers to sensor.o(i.AK8963writeRegister) for AK8963writeRegister
    sensor.o(i.IMUconfig) refers to cmsis_os2.o(i.osDelay) for osDelay
    sensor.o(i.IMUconfig) refers to sensor.o(i.IMUreadRegister) for IMUreadRegister
    sensor.o(i.IMUconfig) refers to sensor.o(i.AK8963readRegister) for AK8963readRegister
    sensor.o(i.IMUconfig) refers to ffltui.o(.text) for __aeabi_ui2f
    sensor.o(i.IMUconfig) refers to fadd.o(.text) for __aeabi_fsub
    sensor.o(i.IMUconfig) refers to fscalb.o(.text) for __ARM_scalbnf
    sensor.o(i.IMUconfig) refers to fmul.o(.text) for __aeabi_fmul
    sensor.o(i.IMUconfig) refers to fdiv.o(.text) for __aeabi_fdiv
    sensor.o(i.IMUconfig) refers to sensor.o(i.calGyro) for calGyro
    sensor.o(i.IMUconfig) refers to sensor.o(.data) for .data
    sensor.o(i.IMUreadRegister) refers to stm32f1xx_hal_i2c.o(i.HAL_I2C_Master_Transmit) for HAL_I2C_Master_Transmit
    sensor.o(i.IMUreadRegister) refers to stm32f1xx_hal_i2c.o(i.HAL_I2C_Master_Receive) for HAL_I2C_Master_Receive
    sensor.o(i.IMUread_AcelX) refers to sensor.o(.data) for .data
    sensor.o(i.IMUread_AcelY) refers to sensor.o(.data) for .data
    sensor.o(i.IMUread_AcelZ) refers to sensor.o(.data) for .data
    sensor.o(i.IMUread_GyrX) refers to sensor.o(.data) for .data
[...]
    TIM6_IRQHandler                          0x080001f7   Thumb Code     0  startup_stm32f103xe.o(.text)
    TIM7_IRQHandler                          0x080001f7   Thumb Code     0  startup_stm32f103xe.o(.text)
    TIM8_BRK_IRQHandler                      0x080001f7   Thumb Code     0  startup_stm32f103xe.o(.text)
    TIM8_CC_IRQHandler                       0x080001f7   Thumb Code     0  startup_stm32f103xe.o(.text)
    TIM8_TRG_COM_IRQHandler                  0x080001f7   Thumb Code     0  startup_stm32f103xe.o(.text)
    TIM8_UP_IRQHandler                       0x080001f7   Thumb Code     0  startup_stm32f103xe.o(.text)
    UART4_IRQHandler                         0x080001f7   Thumb Code     0  startup_stm32f103xe.o(.text)
    UART5_IRQHandler                         0x080001f7   Thumb Code     0  startup_stm32f103xe.o(.text)
    USART2_IRQHandler                        0x080001f7   Thumb Code     0  startup_stm32f103xe.o(.text)
    USART3_IRQHandler                        0x080001f7   Thumb Code     0  startup_stm32f103xe.o(.text)
    USBWakeUp_IRQHandler                     0x080001f7   Thumb Code     0  startup_stm32f103xe.o(.text)
    USB_HP_CAN1_TX_IRQHandler                0x080001f7   Thumb Code     0  startup_stm32f103xe.o(.text)
    USB_LP_CAN1_RX0_IRQHandler               0x080001f7   Thumb Code     0  startup_stm32f103xe.o(.text)
    WWDG_IRQHandler                          0x080001f7   Thumb Code     0  startup_stm32f103xe.o(.text)
    __aeabi_ldivmod                          0x08000201   Thumb Code    98  ldiv.o(.text)
    __aeabi_llsr                             0x08000263   Thumb Code    32  llushr.o(.text)
    _ll_ushift_r                             0x08000263   Thumb Code     0  llushr.o(.text)
    __aeabi_memcpy                           0x08000283   Thumb Code    36  memcpya.o(.text)
    __aeabi_memcpy4                          0x08000283   Thumb Code     0  memcpya.o(.text)
    __aeabi_memcpy8                          0x08000283   Thumb Code     0  memcpya.o(.text)
    __aeabi_memset                           0x080002a7   Thumb Code    14  memseta.o(.text)
    __aeabi_memset4                          0x080002a7   Thumb Code     0  memseta.o(.text)
    __aeabi_memset8                          0x080002a7   Thumb Code     0  memseta.o(.text)
    __aeabi_memclr                           0x080002b5   Thumb Code     4  memseta.o(.text)
    __aeabi_memclr4                          0x080002b5   Thumb Code     0  memseta.o(.text)
    __aeabi_memclr8                          0x080002b5   Thumb Code     0  memseta.o(.text)
    memset                                   0x080002b9   Thumb Code    18  memseta.o(.text)
    strstr                                   0x080002cb   Thumb Code    36  strstr.o(.text)
    strlen                                   0x080002ef   Thumb Code    14  strlen.o(.text)
    __0sscanf                                0x080002fd   Thumb Code    48  __0sscanf.o(.text)
    _scanf_int                               0x08000335   Thumb Code   332  _scanf_int.o(.text)
    _scanf_string                            0x08000481   Thumb Code   224  _scanf_str.o(.text)
    _scanf_real                              0x08000689   Thumb Code     0  scanf_fp.o(.text)
    _scanf_really_real                       0x08000689   Thumb Code   556  scanf_fp.o(.text)
    __aeabi_fadd                             0x080008c1   Thumb Code   164  fadd.o(.text)
    __aeabi_fsub                             0x08000965   Thumb Code     6  fadd.o(.text)
    __aeabi_frsub                            0x0800096b   Thumb Code     6  fadd.o(.text)
    __aeabi_fmul                             0x08000971   Thumb Code   100  fmul.o(.text)
    __aeabi_fdiv                             0x080009d5   Thumb Code   124  fdiv.o(.text)
    __ARM_scalbnf                            0x08000a51   Thumb Code    24  fscalb.o(.text)
    scalbnf                                  0x08000a51   Thumb Code     0  fscalb.o(.text)
    __aeabi_dadd                             0x08000a69   Thumb Code   322  dadd.o(.text)
    __aeabi_dsub                             0x08000bab   Thumb Code     6  dadd.o(.text)
    __aeabi_drsub                            0x08000bb1   Thumb Code     6  dadd.o(.text)
    __aeabi_dmul                             0x08000bb7   Thumb Code   228  dmul.o(.text)
    __aeabi_ddiv                             0x08000c9b   Thumb Code   222  ddiv.o(.text)
    __aeabi_i2f                              0x08000d79   Thumb Code    18  fflti.o(.text)
    __aeabi_ui2f                             0x08000d8b   Thumb Code    10  ffltui.o(.text)
    __aeabi_l2f                              0x08000d95   Thumb Code    44  ffltl.o(.text)
    __aeabi_ui2d                             0x08000dc1   Thumb Code    26  dfltui.o(.text)
    __aeabi_f2iz                             0x08000ddb   Thumb Code    50  ffixi.o(.text)
    __aeabi_f2uiz                            0x08000e0d   Thumb Code    40  ffixui.o(.text)
    __aeabi_d2iz                             0x08000e35   Thumb Code    62  dfixi.o(.text)
    __aeabi_f2d                              0x08000e73   Thumb Code    38  f2d.o(.text)
    __aeabi_d2f                              0x08000e99   Thumb Code    56  d2f.o(.text)
    __aeabi_uidiv                            0x08000ed1   Thumb Code     0  uidiv.o(.text)
    __aeabi_uidivmod                         0x08000ed1   Thumb Code    44  uidiv.o(.text)
    __aeabi_uldivmod                         0x08000efd   Thumb Code    98  uldiv.o(.text)
    __aeabi_llsl                             0x08000f5f   Thumb Code    30  llshl.o(.text)
    _ll_shift_l                              0x08000f5f   Thumb Code     0  llshl.o(.text)
    __aeabi_lasr                             0x08000f7d   Thumb Code    36  llsshr.o(.text)
    _ll_sshift_r                             0x08000f7d   Thumb Code     0  llsshr.o(.text)
    _chval                                   0x08000fa1   Thumb Code    28  _chval.o(.text)
    __vfscanf_char                           0x08000fc9   Thumb Code    20  scanf_char.o(.text)
    _sgetc                                   0x08000fe5   Thumb Code    30  _sgetc.o(.text)
    _sbackspace                              0x08001003   Thumb Code    34  _sgetc.o(.text)
    __I$use$fp                               0x08001025   Thumb Code     0  iusefp.o(.text)
    _float_round                             0x08001025   Thumb Code    18  fepilogue.o(.text)
    _float_epilogue                          0x08001037   Thumb Code    92  fepilogue.o(.text)
    _double_round                            0x08001093   Thumb Code    30  depilogue.o(.text)
    _double_epilogue                         0x080010b1   Thumb Code   156  depilogue.o(.text)
    __ARM_scalbn                             0x0800114d   Thumb Code    46  dscalb.o(.text)
    scalbn                                   0x0800114d   Thumb Code     0  dscalb.o(.text)
    _drem                                    0x0800117b   Thumb Code   134  drem.o(.text)
    __aeabi_i2d                              0x08001201   Thumb Code    34  dflti.o(.text)
    __aeabi_ul2d                             0x08001223   Thumb Code    24  dfltul.o(.text)
    __aeabi_d2ulz                            0x0800123b   Thumb Code    48  dfixul.o(.text)
    __aeabi_cdrcmple                         0x0800126d   Thumb Code    48  cdrcmple.o(.text)
    __scatterload                            0x0800129d   Thumb Code    28  init.o(.text)
    __scatterload_rt2                        0x0800129d   Thumb Code     0  init.o(.text)
    isspace                                  0x080012c1   Thumb Code    10  isspace_c.o(.text)
    __vfscanf                                0x080012cd   Thumb Code   808  _scanf.o(.text)
    _dsqrt                                   0x080015f9   Thumb Code   162  dsqrt.o(.text)
    __ctype_lookup                           0x0800169d   Thumb Code    34  ctype_c.o(.text)
    __decompress                             0x080016c5   Thumb Code     0  __dczerorl2.o(.text)
    __decompress1                            0x080016c5   Thumb Code    86  __dczerorl2.o(.text)
    AK8963readRegister                       0x0800171d   Thumb Code    90  sensor.o(i.AK8963readRegister)
    AK8963writeRegister                      0x0800177d   Thumb Code    84  sensor.o(i.AK8963writeRegister)
    BusFault_Handler                         0x080017d1   Thumb Code     2  stm32f1xx_it.o(i.BusFault_Handler)
    Change_UART_BaudRate                     0x080017d3   Thumb Code     6  c1098.o(i.Change_UART_BaudRate)
    DMA1_Channel5_IRQHandler                 0x080017d9   Thumb Code     6  stm32f1xx_it.o(i.DMA1_Channel5_IRQHandler)
    DMA_IrqHandler                           0x080017e5   Thumb Code   336  dma_iddle.o(i.DMA_IrqHandler)
    DebugMon_Handler                         0x0800197b   Thumb Code     2  stm32f1xx_it.o(i.DebugMon_Handler)
    EXTI0_IRQHandler                         0x0800197d   Thumb Code     6  stm32f1xx_it.o(i.EXTI0_IRQHandler)
    EXTI1_IRQHandler                         0x08001985   Thumb Code   242  stm32f1xx_it.o(i.EXTI1_IRQHandler)
    Error_Handler                            0x08001aa1   Thumb Code     2  main.o(i.Error_Handler)
    GPS_Process                              0x08001aa5   Thumb Code   214  sensor.o(i.GPS_Process)
    HAL_DMA_Abort_IT                         0x08001b89   Thumb Code   296  stm32f1xx_hal_dma.o(i.HAL_DMA_Abort_IT)
    HAL_DMA_IRQHandler                       0x08001cb9   Thumb Code   552  stm32f1xx_hal_dma.o(i.HAL_DMA_IRQHandler)
    HAL_DMA_Init                             0x08001f01   Thumb Code   112  stm32f1xx_hal_dma.o(i.HAL_DMA_Init)
    HAL_DMA_Start_IT                         0x08001f7d   Thumb Code   112  stm32f1xx_hal_dma.o(i.HAL_DMA_Start_IT)
    HAL_Delay                                0x08001fed   Thumb Code    32  stm32f1xx_hal.o(i.HAL_Delay)
    HAL_GPIO_EXTI_Callback                   0x08002011   Thumb Code     2  stm32f1xx_hal_gpio.o(i.HAL_GPIO_EXTI_Callback)
    HAL_GPIO_EXTI_IRQHandler                 0x08002015   Thumb Code    18  stm32f1xx_hal_gpio.o(i.HAL_GPIO_EXTI_IRQHandler)
    HAL_GPIO_Init                            0x0800202d   Thumb Code   462  stm32f1xx_hal_gpio.o(i.HAL_GPIO_Init)
    HAL_GPIO_TogglePin                       0x08002225   Thumb Code    16  stm32f1xx_hal_gpio.o(i.HAL_GPIO_TogglePin)
    HAL_GPIO_WritePin                        0x08002235   Thumb Code    10  stm32f1xx_hal_gpio.o(i.HAL_GPIO_WritePin)
    HAL_GetTick                              0x08002241   Thumb Code     6  stm32f1xx_hal.o(i.HAL_GetTick)
    HAL_I2C_Init                             0x0800224d   Thumb Code   376  stm32f1xx_hal_i2c.o(i.HAL_I2C_Init)
    HAL_I2C_IsDeviceReady                    0x080023d5   Thumb Code   354  stm32f1xx_hal_i2c.o(i.HAL_I2C_IsDeviceReady)
    HAL_I2C_Master_Receive                   0x08002541   Thumb Code   564  stm32f1xx_hal_i2c.o(i.HAL_I2C_Master_Receive)
    HAL_I2C_Master_Transmit                  0x08002785   Thumb Code   290  stm32f1xx_hal_i2c.o(i.HAL_I2C_Master_Transmit)
    HAL_I2C_MspInit                          0x080028b1   Thumb Code    82  i2c.o(i.HAL_I2C_MspInit)
    HAL_IncTick                              0x08002911   Thumb Code    12  stm32f1xx_hal.o(i.HAL_IncTick)
    HAL_Init                                 0x08002921   Thumb Code    32  stm32f1xx_hal.o(i.HAL_Init)
    HAL_InitTick                             0x08002945   Thumb Code   100  stm32f1xx_hal_timebase_tim.o(i.HAL_InitTick)
    HAL_MspInit                              0x080029b9   Thumb Code    52  stm32f1xx_hal_msp.o(i.HAL_MspInit)
    HAL_NVIC_EnableIRQ                       0x080029f5   Thumb Code    26  stm32f1xx_hal_cortex.o(i.HAL_NVIC_EnableIRQ)
    HAL_NVIC_SetPriority                     0x08002a11   Thumb Code    60  stm32f1xx_hal_cortex.o(i.HAL_NVIC_SetPriority)
    HAL_NVIC_SetPriorityGrouping             0x08002a51   Thumb Code    26  stm32f1xx_hal_cortex.o(i.HAL_NVIC_SetPriorityGrouping)
    HAL_RCC_ClockConfig                      0x08002a75   Thumb Code   280  stm32f1xx_hal_rcc.o(i.HAL_RCC_ClockConfig)
    HAL_RCC_GetClockConfig                   0x08002ba1   Thumb Code    54  stm32f1xx_hal_rcc.o(i.HAL_RCC_GetClockConfig)
    HAL_RCC_GetPCLK1Freq                     0x08002be1   Thumb Code    20  stm32f1xx_hal_rcc.o(i.HAL_RCC_GetPCLK1Freq)
    HAL_RCC_GetPCLK2Freq                     0x08002c01   Thumb Code    20  stm32f1xx_hal_rcc.o(i.HAL_RCC_GetPCLK2Freq)
    HAL_RCC_GetSysClockFreq                  0x08002c21   Thumb Code    74  stm32f1xx_hal_rcc.o(i.HAL_RCC_GetSysClockFreq)
    HAL_RCC_OscConfig                        0x08002c8d   Thumb Code   778  stm32f1xx_hal_rcc.o(i.HAL_RCC_OscConfig)
    HAL_SPI_Init                             0x08002fad   Thumb Code   178  stm32f1xx_hal_spi.o(i.HAL_SPI_Init)
    HAL_SPI_MspInit                          0x08003061   Thumb Code   162  spi.o(i.HAL_SPI_MspInit)
    HAL_SPI_Receive                          0x08003119   Thumb Code   346  stm32f1xx_hal_spi.o(i.HAL_SPI_Receive)
    HAL_SPI_Transmit                         0x08003273   Thumb Code   358  stm32f1xx_hal_spi.o(i.HAL_SPI_Transmit)
    HAL_SPI_TransmitReceive                  0x080033d9   Thumb Code   482  stm32f1xx_hal_spi.o(i.HAL_SPI_TransmitReceive)
    HAL_TIMEx_BreakCallback                  0x080035bb   Thumb Code     2  stm32f1xx_hal_tim_ex.o(i.HAL_TIMEx_BreakCallback)
    HAL_TIMEx_CommutCallback                 0x080035bd   Thumb Code     2  stm32f1xx_hal_tim_ex.o(i.HAL_TIMEx_CommutCallback)
    HAL_TIM_Base_Init                        0x080035bf   Thumb Code    90  stm32f1xx_hal_tim.o(i.HAL_TIM_Base_Init)
    HAL_TIM_Base_MspInit                     0x08003619   Thumb Code     2  stm32f1xx_hal_tim.o(i.HAL_TIM_Base_MspInit)
    HAL_TIM_Base_Start_IT                    0x0800361d   Thumb Code    88  stm32f1xx_hal_tim.o(i.HAL_TIM_Base_Start_IT)
    HAL_TIM_IC_CaptureCallback               0x08003689   Thumb Code     2  stm32f1xx_hal_tim.o(i.HAL_TIM_IC_CaptureCallback)
    HAL_TIM_IRQHandler                       0x0800368b   Thumb Code   358  stm32f1xx_hal_tim.o(i.HAL_TIM_IRQHandler)
    HAL_TIM_OC_DelayElapsedCallback          0x080037f1   Thumb Code     2  stm32f1xx_hal_tim.o(i.HAL_TIM_OC_DelayElapsedCallback)
    HAL_TIM_PWM_PulseFinishedCallback        0x080037f3   Thumb Code     2  stm32f1xx_hal_tim.o(i.HAL_TIM_PWM_PulseFinishedCallback)
    HAL_TIM_PeriodElapsedCallback            0x080037f5   Thumb Code    14  main.o(i.HAL_TIM_PeriodElapsedCallback)
    HAL_TIM_TriggerCallback                  0x08003809   Thumb Code     2  stm32f1xx_hal_tim.o(i.HAL_TIM_TriggerCallback)
    HAL_UART_ErrorCallback                   0x0800380b   Thumb Code     2  stm32f1xx_hal_uart.o(i.HAL_UART_ErrorCallback)
    HAL_UART_IRQHandler                      0x0800380d   Thumb Code   344  stm32f1xx_hal_uart.o(i.HAL_UART_IRQHandler)
    HAL_UART_Init                            0x08003969   Thumb Code    98  stm32f1xx_hal_uart.o(i.HAL_UART_Init)
    HAL_UART_MspInit                         0x080039cd   Thumb Code   320  usart.o(i.HAL_UART_MspInit)
    HAL_UART_Receive                         0x08003b31   Thumb Code   188  stm32f1xx_hal_uart.o(i.HAL_UART_Receive)
    HAL_UART_Receive_DMA                     0x08003bed   Thumb Code   138  stm32f1xx_hal_uart.o(i.HAL_UART_Receive_DMA)
    HAL_UART_RxCpltCallback                  0x08003c85   Thumb Code     2  stm32f1xx_hal_uart.o(i.HAL_UART_RxCpltCallback)
    HAL_UART_RxHalfCpltCallback              0x08003c87   Thumb Code     2  stm32f1xx_hal_uart.o(i.HAL_UART_RxHalfCpltCallback)
    HAL_UART_Transmit                        0x08003c89   Thumb Code   178  stm32f1xx_hal_uart.o(i.HAL_UART_Transmit)
    HAL_UART_TxCpltCallback                  0x08003d3b   Thumb Code     2  stm32f1xx_hal_uart.o(i.HAL_UART_TxCpltCallback)
    HardFault_Handler                        0x08003d3d   Thumb Code     2  stm32f1xx_it.o(i.HardFault_Handler)
    IMUconfig                                0x080040f1   Thumb Code   456  sensor.o(i.IMUconfig)
    IMUreadRegister                          0x080042cd   Thumb Code    46  sensor.o(i.IMUreadRegister)
    IMUread_AcelX                            0x080042fd   Thumb Code     6  sensor.o(i.IMUread_AcelX)
    IMUread_AcelY                            0x08004309   Thumb Code     6  sensor.o(i.IMUread_AcelY)
    IMUread_AcelZ                            0x08004315   Thumb Code     6  sensor.o(i.IMUread_AcelZ)
    IMUread_GyrX                             0x08004321   Thumb Code     6  sensor.o(i.IMUread_GyrX)
    IMUread_GyrY                             0x0800432d   Thumb Code     6  sensor.o(i.IMUread_GyrY)
    IMUread_GyrZ                             0x08004339   Thumb Code     6  sensor.o(i.IMUread_GyrZ)
    IMUread_MagX                             0x08004345   Thumb Code     6  sensor.o(i.IMUread_MagX)
    IMUread_MagY                             0x08004351   Thumb Code     6  sensor.o(i.IMUread_MagY)
    IMUread_MagZ                             0x0800435d   Thumb Code     6  sensor.o(i.IMUread_MagZ)
    IMUwriteRegister                         0x08004369   Thumb Code    66  sensor.o(i.IMUwriteRegister)
    INA219_BusV                              0x080043ad   Thumb Code    84  sensor.o(i.INA219_BusV)
    INA219_Current                           0x0800440d   Thumb Code    72  sensor.o(i.INA219_Current)
    INAbegin                                 0x08004459   Thumb Code    96  sensor.o(i.INAbegin)
    MX_DMA_Init                              0x080044bd   Thumb Code    40  dma.o(i.MX_DMA_Init)
    MX_FREERTOS_Init                         0x080044e9   Thumb Code    46  freertos.o(i.MX_FREERTOS_Init)
    MX_GPIO_Init                             0x0800452d   Thumb Code   240  gpio.o(i.MX_GPIO_Init)
    MX_I2C2_Init                             0x08004631   Thumb Code    50  i2c.o(i.MX_I2C2_Init)
    MX_SPI1_Init                             0x08004671   Thumb Code    62  spi.o(i.MX_SPI1_Init)
    MX_SPI2_Init                             0x080046b9   Thumb Code    62  spi.o(i.MX_SPI2_Init)
    MX_USART1_UART_Init                      0x08004701   Thumb Code    48  usart.o(i.MX_USART1_UART_Init)
    MX_USART2_UART_Init                      0x08004739   Thumb Code    48  usart.o(i.MX_USART2_UART_Init)
    MX_USART3_UART_Init                      0x08004771   Thumb Code    48  usart.o(i.MX_USART3_UART_Init)
    MemManage_Handler                        0x080047a9   Thumb Code     2  stm32f1xx_it.o(i.MemManage_Handler)
    NMI_Handler                              0x080047ab   Thumb Code     2  stm32f1xx_it.o(i.NMI_Handler)
    SX1278_BeginFSK                          0x080048e1   Thumb Code   264  lora.o(i.SX1278_BeginFSK)
    SX1278_BeginLora                         0x080049e9   Thumb Code   222  lora.o(i.SX1278_BeginLora)
    SX1278_BeginMorse                        0x08004ac9   Thumb Code    52  lora.o(i.SX1278_BeginMorse)
    SX1278_GetModem                          0x08004b01   Thumb Code    20  lora.o(i.SX1278_GetModem)
    SX1278_ReadBurst                         0x08004b15   Thumb Code    80  lora.o(i.SX1278_ReadBurst)
    SX1278_ReadByte                          0x08004b65   Thumb Code    16  lora.o(i.SX1278_ReadByte)
    SX1278_SetChannel                        0x08004b75   Thumb Code   230  lora.o(i.SX1278_SetChannel)
    SX1278_SetLNA                            0x08004c61   Thumb Code    84  lora.o(i.SX1278_SetLNA)
    SX1278_SetModem                          0x08004cb5   Thumb Code    82  lora.o(i.SX1278_SetModem)
    SX1278_SetOpMode                         0x08004d07   Thumb Code    30  lora.o(i.SX1278_SetOpMode)
    SX1278_SetPreambleLength                 0x08004d25   Thumb Code    74  lora.o(i.SX1278_SetPreambleLength)
    SX1278_WriteBurst                        0x08004d6f   Thumb Code    80  lora.o(i.SX1278_WriteBurst)
    SX1278_WriteByte                         0x08004dbf   Thumb Code    12  lora.o(i.SX1278_WriteByte)
    SX1278_addressFiltering                  0x08004dcb   Thumb Code    58  lora.o(i.SX1278_addressFiltering)
    SX1278_dataShaping                       0x08004e05   Thumb Code    44  lora.o(i.SX1278_dataShaping)
    SX1278_receive                           0x08004e31   Thumb Code    28  lora.o(i.SX1278_receive)
    SX1278_reset                             0x08004e4d   Thumb Code    36  lora.o(i.SX1278_reset)
    SX1278_setBitRate                        0x08004e71   Thumb Code    36  lora.o(i.SX1278_setBitRate)
    SX1278_setFreqDev                        0x08004e99   Thumb Code    40  lora.o(i.SX1278_setFreqDev)
    SX1278_setRXBW                           0x08004ec1   Thumb Code    50  lora.o(i.SX1278_setRXBW)
    SX1278_startReceive                      0x08004ef3   Thumb Code    84  lora.o(i.SX1278_startReceive)
    SX1278_transmitMorse                     0x08004f47   Thumb Code    34  lora.o(i.SX1278_transmitMorse)
    SX1278_writeMorse                        0x08004f69   Thumb Code   134  lora.o(i.SX1278_writeMorse)
    SetCurrentLimit                          0x08004ff9   Thumb Code   102  lora.o(i.SetCurrentLimit)
    SysTick_Handler                          0x08005061   Thumb Code    38  port.o(i.SysTick_Handler)
    SystemClock_Config                       0x0800508d   Thumb Code    78  main.o(i.SystemClock_Config)
    SystemInit                               0x080050db   Thumb Code     2  system_stm32f1xx.o(i.SystemInit)
    TIM4_IRQHandler                          0x080050dd   Thumb Code     6  stm32f1xx_it.o(i.TIM4_IRQHandler)
    TIM_Base_SetConfig                       0x080050e9   Thumb Code   120  stm32f1xx_hal_tim.o(i.TIM_Base_SetConfig)
    TMPconfig                                0x08005175   Thumb Code    40  sensor.o(i.TMPconfig)
    TMPtemp                                  0x080051a1   Thumb Code    58  sensor.o(i.TMPtemp)
    USART1_IRQHandler                        0x08005459   Thumb Code    24  stm32f1xx_it.o(i.USART1_IRQHandler)
    USART_IrqHandler                         0x0800547d   Thumb Code    42  dma_iddle.o(i.USART_IrqHandler)
    UsageFault_Handler                       0x080054a7   Thumb Code     2  stm32f1xx_it.o(i.UsageFault_Handler)
    __0printf                                0x080054a9   Thumb Code    22  printfa.o(i.__0printf)
    __1printf                                0x080054a9   Thumb Code     0  printfa.o(i.__0printf)
    __2printf                                0x080054a9   Thumb Code     0  printfa.o(i.__0printf)
    __c89printf                              0x080054a9   Thumb Code     0  printfa.o(i.__0printf)
    printf                                   0x080054a9   Thumb Code     0  printfa.o(i.__0printf)
    __0sprintf                               0x080054c9   Thumb Code    34  printfa.o(i.__0sprintf)
    __1sprintf                               0x080054c9   Thumb Code     0  printfa.o(i.__0sprintf)
    __2sprintf                               0x080054c9   Thumb Code     0  printfa.o(i.__0sprintf)
    __c89sprintf                             0x080054c9   Thumb Code     0  printfa.o(i.__0sprintf)
    sprintf                                  0x080054c9   Thumb Code     0  printfa.o(i.__0sprintf)
    __ARM_fpclassify                         0x080054f1   Thumb Code    40  fpclassify.o(i.__ARM_fpclassify)
    __kernel_poly                            0x08005539   Thumb Code   170  poly.o(i.__kernel_poly)
    __mathlib_dbl_divzero                    0x080055e5   Thumb Code    12  dunder.o(i.__mathlib_dbl_divzero)
    __mathlib_dbl_infnan2                    0x080055f5   Thumb Code     4  dunder.o(i.__mathlib_dbl_infnan2)
    __mathlib_dbl_invalid                    0x080055f9   Thumb Code    12  dunder.o(i.__mathlib_dbl_invalid)
    __mathlib_dbl_overflow                   0x08005605   Thumb Code    14  dunder.o(i.__mathlib_dbl_overflow)
    __mathlib_dbl_underflow                  0x08005615   Thumb Code    10  dunder.o(i.__mathlib_dbl_underflow)
    __scatterload_copy                       0x08005625   Thumb Code    14  handlers.o(i.__scatterload_copy)
    __scatterload_null                       0x08005633   Thumb Code     2  handlers.o(i.__scatterload_null)
    __scatterload_zeroinit                   0x08005635   Thumb Code    14  handlers.o(i.__scatterload_zeroinit)
    __set_errno                              0x08005645   Thumb Code     6  errno.o(i.__set_errno)
    _is_digit                                0x080057d5   Thumb Code    14  scanf_fp.o(i._is_digit)
    bmpAlt                                   0x08005f1d   Thumb Code    56  sensor.o(i.bmpAlt)
    bmpPress                                 0x08005f69   Thumb Code   436  sensor.o(i.bmpPress)
    bmpTemp                                  0x08006129   Thumb Code   122  sensor.o(i.bmpTemp)
    bmpconfig                                0x080061b1   Thumb Code   470  sensor.o(i.bmpconfig)
    calGyro                                  0x08006391   Thumb Code   402  sensor.o(i.calGyro)
    camera_init                              0x08006529   Thumb Code   272  c1098.o(i.camera_init)
    camera_sync                              0x08006655   Thumb Code    92  c1098.o(i.camera_sync)
    check_for                                0x080066b1   Thumb Code    42  dma_iddle.o(i.check_for)
    convertDegMinToDecDeg                    0x080066e1   Thumb Code    72  sensor.o(i.convertDegMinToDecDeg)
    fmod                                     0x08006735   Thumb Code   144  fmod.o(i.fmod)
    fputc                                    0x080067c9   Thumb Code    20  main.o(i.fputc)
    get_picture                              0x080067e1   Thumb Code   290  c1098.o(i.get_picture)
    gpio_write                               0x08006915   Thumb Code    20  lora.o(i.gpio_write)
    main                                     0x08006929   Thumb Code   288  main.o(i.main)
    morseTask02                              0x08006a61   Thumb Code    90  freertos.o(i.morseTask02)
    osDelay                                  0x08006ae1   Thumb Code    46  cmsis_os2.o(i.osDelay)
    osKernelInitialize                       0x08006b15   Thumb Code    50  cmsis_os2.o(i.osKernelInitialize)
    osKernelStart                            0x08006b4d   Thumb Code    58  cmsis_os2.o(i.osKernelStart)
    osThreadNew                              0x08006b8d   Thumb Code   160  cmsis_os2.o(i.osThreadNew)
    parse                                    0x08006c31   Thumb Code   550  freertos.o(i.parse)
    pow                                      0x08006e89   Thumb Code  2512  pow.o(i.pow)
    pvPortMalloc                             0x08007fa5   Thumb Code   210  heap_4.o(i.pvPortMalloc)
    pxPortInitialiseStack                    0x0800807d   Thumb Code    32  port.o(i.pxPortInitialiseStack)
    readIMU                                  0x080080a1   Thumb Code   364  sensor.o(i.readIMU)
    scan_I2C                                 0x0800821d   Thumb Code    50  freertos.o(i.scan_I2C)
    secundaryTask03                          0x08008275   Thumb Code    22  freertos.o(i.secundaryTask03)
    snap_shot                                0x08008299   Thumb Code    72  c1098.o(i.snap_shot)
    sqrt                                     0x080082e9   Thumb Code    76  sqrt.o(i.sqrt)
    sx1278_SetOutputPower                    0x08008335   Thumb Code   104  lora.o(i.sx1278_SetOutputPower)
    sx1278_clearIRQ                          0x0800839d   Thumb Code    46  lora.o(i.sx1278_clearIRQ)
    sx1278_startTransmit                     0x080083cb   Thumb Code   112  lora.o(i.sx1278_startTransmit)
    sx1278_transmit                          0x0800843d   Thumb Code   174  lora.o(i.sx1278_transmit)
    sync                                     0x080084f1   Thumb Code   118  c1098.o(i.sync)
    telemetriaTask01                         0x08008579   Thumb Code   542  freertos.o(i.telemetriaTask01)
    uxListRemove                             0x080087ed   Thumb Code    38  list.o(i.uxListRemove)
    vApplicationGetIdleTaskMemory            0x08008815   Thumb Code    16  cmsis_os2.o(i.vApplicationGetIdleTaskMemory)
    vApplicationGetTimerTaskMemory           0x08008829   Thumb Code    18  cmsis_os2.o(i.vApplicationGetTimerTaskMemory)
    vListInitialise                          0x08008841   Thumb Code    22  list.o(i.vListInitialise)
    vListInitialiseItem                      0x08008857   Thumb Code     6  list.o(i.vListInitialiseItem)
    vListInsert                              0x0800885d   Thumb Code    48  list.o(i.vListInsert)
    vListInsertEnd                           0x0800888d   Thumb Code    24  list.o(i.vListInsertEnd)
    vPortEnterCritical                       0x080088a5   Thumb Code    54  port.o(i.vPortEnterCritical)
    vPortExitCritical                        0x080088e5   Thumb Code    34  port.o(i.vPortExitCritical)
    vPortFree                                0x0800890d   Thumb Code    88  heap_4.o(i.vPortFree)
    vPortSetupTimerInterrupt                 0x08008969   Thumb Code    32  port.o(i.vPortSetupTimerInterrupt)
    vPortValidateInterruptPriority           0x0800898d   Thumb Code    74  port.o(i.vPortValidateInterruptPriority)
    vQueueAddToRegistry                      0x080089e1   Thumb Code    34  queue.o(i.vQueueAddToRegistry)
    vQueueWaitForMessageRestricted           0x08008a09   Thumb Code    68  queue.o(i.vQueueWaitForMessageRestricted)
    vTaskDelay                               0x08008a4d   Thumb Code    66  tasks.o(i.vTaskDelay)
    vTaskInternalSetTimeOutState             0x08008a99   Thumb Code    12  tasks.o(i.vTaskInternalSetTimeOutState)
    vTaskMissedYield                         0x08008aa9   Thumb Code     8  tasks.o(i.vTaskMissedYield)
    vTaskPlaceOnEventList                    0x08008ab5   Thumb Code    44  tasks.o(i.vTaskPlaceOnEventList)
    vTaskPlaceOnEventListRestricted          0x08008ae5   Thumb Code    52  tasks.o(i.vTaskPlaceOnEventListRestricted)
    vTaskStartScheduler                      0x08008b1d   Thumb Code   118  tasks.o(i.vTaskStartScheduler)
    vTaskSuspendAll                          0x08008ba5   Thumb Code    10  tasks.o(i.vTaskSuspendAll)
    vTaskSwitchContext                       0x08008bb5   Thumb Code    90  tasks.o(i.vTaskSwitchContext)
    xPortStartScheduler                      0x08008c19   Thumb Code   154  port.o(i.xPortStartScheduler)
    xQueueGenericCreateStatic                0x08008cc1   Thumb Code   102  queue.o(i.xQueueGenericCreateStatic)
    xQueueGenericReset                       0x08008d29   Thumb Code   132  queue.o(i.xQueueGenericReset)
    xQueueGenericSend                        0x08008db1   Thumb Code   346  queue.o(i.xQueueGenericSend)
    xQueueGenericSendFromISR                 0x08008f11   Thumb Code   188  queue.o(i.xQueueGenericSendFromISR)
    xQueueReceive                            0x08008fcd   Thumb Code   308  queue.o(i.xQueueReceive)
    xTaskCheckForTimeOut                     0x08009105   Thumb Code   112  tasks.o(i.xTaskCheckForTimeOut)
    xTaskCreate                              0x08009179   Thumb Code    90  tasks.o(i.xTaskCreate)
    xTaskCreateStatic                        0x080091d3   Thumb Code    86  tasks.o(i.xTaskCreateStatic)
    xTaskGetSchedulerState                   0x08009229   Thumb Code    22  tasks.o(i.xTaskGetSchedulerState)
    xTaskGetTickCount                        0x08009245   Thumb Code     6  tasks.o(i.xTaskGetTickCount)
    xTaskIncrementTick                       0x08009251   Thumb Code   190  tasks.o(i.xTaskIncrementTick)
    xTaskPriorityDisinherit                  0x08009319   Thumb Code   118  tasks.o(i.xTaskPriorityDisinherit)
    xTaskRemoveFromEventList                 0x08009399   Thumb Code    98  tasks.o(i.xTaskRemoveFromEventList)
    xTaskResumeAll                           0x08009409   Thumb Code   182  tasks.o(i.xTaskResumeAll)
    xTimerCreateTimerTask                    0x080094cd   Thumb Code    78  timers.o(i.xTimerCreateTimerTask)
    xTimerGenericCommand                     0x0800952d   Thumb Code    98  timers.o(i.xTimerGenericCommand)
    MorseTable                               0x08009594   Data         424  lora.o(.constdata)
    terminator                               0x0800973c   Data           2  main.o(.constdata)
    disableGLL                               0x0800973e   Data          28  main.o(.constdata)
    disableGSA                               0x0800975a   Data          28  main.o(.constdata)
    disableGSV                               0x08009776   Data          28  main.o(.constdata)
    disableRMC                               0x08009792   Data          28  main.o(.constdata)
    disableVTG                               0x080097ae   Data          28  main.o(.constdata)
    telemetriaTask_attributes                0x080097cc   Data          36  freertos.o(.constdata)
    MorseTask_attributes                     0x080097f0   Data          36  freertos.o(.constdata)
    secundaryTask_attributes                 0x08009814   Data          36  freertos.o(.constdata)
    AHBPrescTable                            0x08009838   Data          16  system_stm32f1xx.o(.constdata)
    APBPrescTable                            0x08009848   Data           8  system_stm32f1xx.o(.constdata)
    __mathlib_zero                           0x080098d8   Data           8  qnan.o(.constdata)
    __ctype_categories                       0x080098e0   Data          64  ctype_c.o(.constdata)
    Region$$Table$$Base                      0x08009998   Number         0  anon$$obj.o(Region$$Table)
    Region$$Table$$Limit                     0x080099b8   Number         0  anon$$obj.o(Region$$Table)
    Write                                    0x20000000   Data           4  dma_iddle.o(.data)
    len                                      0x20000004   Data           4  dma_iddle.o(.data)
    tocopy                                   0x20000008   Data           4  dma_iddle.o(.data)
    ptr                                      0x2000000c   Data           4  dma_iddle.o(.data)
    EXT_SENS_DATA_00                         0x20000010   Data           1  sensor.o(.data)
    BMP280_REGISTER_DIG_T1                   0x20000011   Data           1  sensor.o(.data)
    BMP280_REGISTER_DIG_T2                   0x20000012   Data           1  sensor.o(.data)
    BMP280_REGISTER_DIG_T3                   0x20000013   Data           1  sensor.o(.data)
    BMP280_REGISTER_DIG_P1                   0x20000014   Data           1  sensor.o(.data)
    BMP280_REGISTER_DIG_P2                   0x20000015   Data           1  sensor.o(.data)
    BMP280_REGISTER_DIG_P3                   0x20000016   Data           1  sensor.o(.data)
    BMP280_REGISTER_DIG_P4                   0x20000017   Data           1  sensor.o(.data)
    BMP280_REGISTER_DIG_P5                   0x20000018   Data           1  sensor.o(.data)
    BMP280_REGISTER_DIG_P6                   0x20000019   Data           1  sensor.o(.data)
    BMP280_REGISTER_DIG_P7                   0x2000001a   Data           1  sensor.o(.data)
    BMP280_REGISTER_DIG_P8                   0x2000001b   Data           1  sensor.o(.data)
    BMP280_REGISTER_DIG_P9                   0x2000001c   Data           1  sensor.o(.data)
    BMP280_REGISTER_CONTROL                  0x2000001d   Data           1  sensor.o(.data)
    BMP280_REGISTER_CONFIG                   0x2000001e   Data           1  sensor.o(.data)
    BMP280_REGISTER_PRESSUREDATA             0x2000001f   Data           1  sensor.o(.data)
    BMP280_REGISTER_TEMPDATA                 0x20000020   Data           1  sensor.o(.data)
    TMP102_REGISTER_CONFIG                   0x20000021   Data           1  sensor.o(.data)
    TMP102_REGISTER_TEMPDATA                 0x20000022   Data           1  sensor.o(.data)
    INA219_REGISTER_CONFIG                   0x20000023   Data           1  sensor.o(.data)
    _accelRange                              0x20000024   Data           1  sensor.o(.data)
    _gyroRange                               0x20000025   Data           1  sensor.o(.data)
    _bandwidth                               0x20000026   Data           1  sensor.o(.data)
    _srd                                     0x20000027   Data           1  sensor.o(.data)
    _axcounts                                0x20000028   Data           2  sensor.o(.data)
    _aycounts                                0x2000002a   Data           2  sensor.o(.data)
    _azcounts                                0x2000002c   Data           2  sensor.o(.data)
    _gxcounts                                0x2000002e   Data           2  sensor.o(.data)
    _gycounts                                0x20000030   Data           2  sensor.o(.data)
    _gzcounts                                0x20000032   Data           2  sensor.o(.data)
    _hxcounts                                0x20000034   Data           2  sensor.o(.data)
    _hycounts                                0x20000036   Data           2  sensor.o(.data)
    _hzcounts                                0x20000038   Data           2  sensor.o(.data)
    _tcounts                                 0x2000003a   Data           2  sensor.o(.data)
    raw_INA8                                 0x2000003c   Data           2  sensor.o(.data)
    raw_INA                                  0x2000003e   Data           2  sensor.o(.data)
    dig                                      0x20000040   Data           2  sensor.o(.data)
    tempReg                                  0x20000042   Data           3  sensor.o(.data)
    _numSamples                              0x20000048   Data           4  sensor.o(.data)
    _gxb                                     0x2000004c   Data           4  sensor.o(.data)
    _gyb                                     0x20000050   Data           4  sensor.o(.data)
    _gzb                                     0x20000054   Data           4  sensor.o(.data)
    _axb                                     0x20000058   Data           4  sensor.o(.data)
    _ayb                                     0x2000005c   Data           4  sensor.o(.data)
    _azb                                     0x20000060   Data           4  sensor.o(.data)
    _hxb                                     0x20000064   Data           4  sensor.o(.data)
    _hyb                                     0x20000068   Data           4  sensor.o(.data)
    _hzb                                     0x2000006c   Data           4  sensor.o(.data)
    _axs                                     0x20000070   Data           4  sensor.o(.data)
    _ays                                     0x20000074   Data           4  sensor.o(.data)
    _azs                                     0x20000078   Data           4  sensor.o(.data)
    _hxs                                     0x2000007c   Data           4  sensor.o(.data)
    _hys                                     0x20000080   Data           4  sensor.o(.data)
    _hzs                                     0x20000084   Data           4  sensor.o(.data)
    _accelScale                              0x20000088   Data           4  sensor.o(.data)
    _gyroScale                               0x2000008c   Data           4  sensor.o(.data)
    _magScaleX                               0x20000090   Data           4  sensor.o(.data)
    _magScaleY                               0x20000094   Data           4  sensor.o(.data)
    _magScaleZ                               0x20000098   Data           4  sensor.o(.data)
    _ax                                      0x2000009c   Data           4  sensor.o(.data)
    _ay                                      0x200000a0   Data           4  sensor.o(.data)
    _az                                      0x200000a4   Data           4  sensor.o(.data)
    _gx                                      0x200000a8   Data           4  sensor.o(.data)
    _gy                                      0x200000ac   Data           4  sensor.o(.data)
    _gz                                      0x200000b0   Data           4  sensor.o(.data)
    _hx                                      0x200000b4   Data           4  sensor.o(.data)
    _hy                                      0x200000b8   Data           4  sensor.o(.data)
    _hz                                      0x200000bc   Data           4  sensor.o(.data)
    _t                                       0x200000c0   Data           4  sensor.o(.data)
    t_fine                                   0x200000c4   Data           4  sensor.o(.data)
    _dot                                     0x200000c8   Data           4  lora.o(.data)
    GPS_flag                                 0x200000cc   Data           1  main.o(.data)
    check_value                              0x200000ce   Data           2  main.o(.data)
    camera_flag                              0x200000d0   Data           1  freertos.o(.data)
    telemetry_flag                           0x200000d1   Data           1  freertos.o(.data)
    C1098_image_size                         0x200000d2   Data           2  freertos.o(.data)
    retardo                                  0x200000d4   Data           4  freertos.o(.data)
    tempx                                    0x200000d8   Data           4  freertos.o(.data)
    sensor                                   0x200000dc   Data           4  freertos.o(.data)
    telemetriaTaskHandle                     0x200000e0   Data           4  freertos.o(.data)
    MorseTaskHandle                          0x200000e4   Data           4  freertos.o(.data)
    secundaryTaskHandle                      0x200000e8   Data           4  freertos.o(.data)
    leng                                     0x200000ec   Data           1  stm32f1xx_it.o(.data)
    uwTickFreq                               0x200000f0   Data           1  stm32f1xx_hal.o(.data)
    uwTickPrio                               0x200000f4   Data           4  stm32f1xx_hal.o(.data)
    uwTick                                   0x200000f8   Data           4  stm32f1xx_hal.o(.data)
    SystemCoreClock                          0x200000fc   Data           4  system_stm32f1xx.o(.data)
    pxCurrentTCB                             0x20000100   Data           4  tasks.o(.data)
    __stdout                                 0x20000178   Data           4  stdout.o(.data)
    IMUbuffer                                0x20000180   Data          25  sensor.o(.bss)
    bmp                                      0x2000019a   Data          24  sensor.o(.bss)
    DMA_RX_Buffer                            0x200001b2   Data         600  main.o(.bss)
    trama                                    0x20000410   Data          50  freertos.o(.bss)
    GPS                                      0x20000448   Data         592  freertos.o(.bss)
    lora_hw                                  0x20000698   Data          28  freertos.o(.bss)
    lora                                     0x200006b4   Data          16  freertos.o(.bss)
    morse_hw                                 0x200006c4   Data          28  freertos.o(.bss)
    morse                                    0x200006e0   Data          16  freertos.o(.bss)
    camera                                   0x200006f0   Data          16  freertos.o(.bss)
    C1098_buffer                             0x20000700   Data       15000  freertos.o(.bss)
    buffer                                   0x20004198   Data          20  freertos.o(.bss)
    hi2c2                                    0x200041ac   Data          84  i2c.o(.bss)
    hspi1                                    0x20004200   Data          88  spi.o(.bss)
    hspi2                                    0x20004258   Data          88  spi.o(.bss)
    huart1                                   0x200042b0   Data          64  usart.o(.bss)
    huart2                                   0x200042f0   Data          64  usart.o(.bss)
    huart3                                   0x20004330   Data          64  usart.o(.bss)
    hdma_usart1_rx                           0x20004370   Data          68  usart.o(.bss)
    RX_lora                                  0x200043b4   Data         200  stm32f1xx_it.o(.bss)
    htim4                                    0x2000447c   Data          72  stm32f1xx_hal_timebase_tim.o(.bss)
    xQueueRegistry                           0x200044c4   Data          64  queue.o(.bss)
    __initial_sp                             0x20007598   Data           0  startup_stm32f103xe.o(STACK)



==============================================================================

Memory Map of the image

  Image Entry point : 0x08000131

  Load Region LR_IROM1 (Base: 0x08000000, Size: 0x00009b38, Max: 0x00040000, ABSOLUTE, COMPRESSED[0x000099ec])

    Execution Region ER_IROM1 (Exec base: 0x08000000, Load base: 0x08000000, Size: 0x000099b8, Max: 0x00040000, ABSOLUTE)

    Exec Addr    Load Addr    Size         Type   Attr      Idx    E Section Name        Object

    0x08000000   0x08000000   0x00000130   Data   RO            3    RESET               startup_stm32f103xe.o
    0x08000130   0x08000130   0x00000000   Code   RO         5988  * .ARM.Collect$$$$00000000  mc_w.l(entry.o)
    0x08000130   0x08000130   0x00000004   Code   RO         6337    .ARM.Collect$$$$00000001  mc_w.l(entry2.o)
    0x08000134   0x08000134   0x00000004   Code   RO         6340    .ARM.Collect$$$$00000004  mc_w.l(entry5.o)
    0x08000138   0x08000138   0x00000000   Code   RO         6342    .ARM.Collect$$$$00000008  mc_w.l(entry7b.o)
    0x08000138   0x08000138   0x00000000   Code   RO         6344    .ARM.Collect$$$$0000000A  mc_w.l(entry8b.o)
    0x08000138   0x08000138   0x00000008   Code   RO         6345    .ARM.Collect$$$$0000000B  mc_w.l(entry9a.o)
    0x08000140   0x08000140   0x00000000   Code   RO         6347    .ARM.Collect$$$$0000000D  mc_w.l(entry10a.o)
    0x08000140   0x08000140   0x00000000   Code   RO         6349    .ARM.Collect$$$$0000000F  mc_w.l(entry11a.o)
    0x08000140   0x08000140   0x00000004   Code   RO         6338    .ARM.Collect$$$$00002712  mc_w.l(entry2.o)
    0x08000144   0x08000144   0x00000096   Code   RO         5893    .emb_text           port.o
    0x080001da   0x080001da   0x00000002   PAD
    0x080001dc   0x080001dc   0x00000024   Code   RO            4    .text               startup_stm32f103xe.o
    0x08000200   0x08000200   0x00000062   Code   RO         5991    .text               mc_w.l(ldiv.o)
    0x08000262   0x08000262   0x00000020   Code   RO         5993    .text               mc_w.l(llushr.o)
    0x08000282   0x08000282   0x00000024   Code   RO         5995    .text               mc_w.l(memcpya.o)
    0x080002a6   0x080002a6   0x00000024   Code   RO         5999    .text               mc_w.l(memseta.o)
    0x080002ca   0x080002ca   0x00000024   Code   RO         6001    .text               mc_w.l(strstr.o)
    0x080002ee   0x080002ee   0x0000000e   Code   RO         6003    .text               mc_w.l(strlen.o)
    0x080002fc   0x080002fc   0x00000038   Code   RO         6268    .text               mc_w.l(__0sscanf.o)
    0x08000334   0x08000334   0x0000014c   Code   RO         6270    .text               mc_w.l(_scanf_int.o)
    0x08000480   0x08000480   0x000000e0   Code   RO         6272    .text               mc_w.l(_scanf_str.o)
    0x08000560   0x08000560   0x00000360   Code   RO         6274    .text               mc_w.l(scanf_fp.o)
    0x080008c0   0x080008c0   0x000000b0   Code   RO         6278    .text               mf_w.l(fadd.o)
    0x08000970   0x08000970   0x00000064   Code   RO         6280    .text               mf_w.l(fmul.o)
    0x080009d4   0x080009d4   0x0000007c   Code   RO         6282    .text               mf_w.l(fdiv.o)
    0x08000a50   0x08000a50   0x00000018   Code   RO         6284    .text               mf_w.l(fscalb.o)
    0x08000a68   0x08000a68   0x0000014e   Code   RO         6286    .text               mf_w.l(dadd.o)
    0x08000bb6   0x08000bb6   0x000000e4   Code   RO         6288    .text               mf_w.l(dmul.o)
    0x08000c9a   0x08000c9a   0x000000de   Code   RO         6290    .text               mf_w.l(ddiv.o)
    0x08000d78   0x08000d78   0x00000012   Code   RO         6292    .text               mf_w.l(fflti.o)
    0x08000d8a   0x08000d8a   0x0000000a   Code   RO         6294    .text               mf_w.l(ffltui.o)
    0x08000d94   0x08000d94   0x0000002c   Code   RO         6296    .text               mf_w.l(ffltl.o)
    0x08000dc0   0x08000dc0   0x0000001a   Code   RO         6298    .text               mf_w.l(dfltui.o)
    0x08000dda   0x08000dda   0x00000032   Code   RO         6300    .text               mf_w.l(ffixi.o)
    0x08000e0c   0x08000e0c   0x00000028   Code   RO         6302    .text               mf_w.l(ffixui.o)
    0x08000e34   0x08000e34   0x0000003e   Code   RO         6304    .text               mf_w.l(dfixi.o)
    0x08000e72   0x08000e72   0x00000026   Code   RO         6306    .text               mf_w.l(f2d.o)
    0x08000e98   0x08000e98   0x00000038   Code   RO         6308    .text               mf_w.l(d2f.o)
    0x08000ed0   0x08000ed0   0x0000002c   Code   RO         6352    .text               mc_w.l(uidiv.o)
    0x08000efc   0x08000efc   0x00000062   Code   RO         6354    .text               mc_w.l(uldiv.o)
    0x08000f5e   0x08000f5e   0x0000001e   Code   RO         6356    .text               mc_w.l(llshl.o)
    0x08000f7c   0x08000f7c   0x00000024   Code   RO         6358    .text               mc_w.l(llsshr.o)
    0x08000fa0   0x08000fa0   0x0000001c   Code   RO         6367    .text               mc_w.l(_chval.o)
    0x08000fbc   0x08000fbc   0x00000028   Code   RO         6369    .text               mc_w.l(scanf_char.o)
    0x08000fe4   0x08000fe4   0x00000040   Code   RO         6371    .text               mc_w.l(_sgetc.o)
    0x08001024   0x08001024   0x00000000   Code   RO         6373    .text               mc_w.l(iusefp.o)
    0x08001024   0x08001024   0x0000006e   Code   RO         6374    .text               mf_w.l(fepilogue.o)
    0x08001092   0x08001092   0x000000ba   Code   RO         6376    .text               mf_w.l(depilogue.o)
    0x0800114c   0x0800114c   0x0000002e   Code   RO         6378    .text               mf_w.l(dscalb.o)
    0x0800117a   0x0800117a   0x00000086   Code   RO         6380    .text               mf_w.l(drem.o)
    0x08001200   0x08001200   0x00000022   Code   RO         6382    .text               mf_w.l(dflti.o)
    0x08001222   0x08001222   0x00000018   Code   RO         6384    .text               mf_w.l(dfltul.o)
    0x0800123a   0x0800123a   0x00000030   Code   RO         6386    .text               mf_w.l(dfixul.o)
    0x0800126a   0x0800126a   0x00000002   PAD
    0x0800126c   0x0800126c   0x00000030   Code   RO         6388    .text               mf_w.l(cdrcmple.o)
    0x0800129c   0x0800129c   0x00000024   Code   RO         6390    .text               mc_w.l(init.o)
    0x080012c0   0x080012c0   0x0000000a   Code   RO         6392    .text               mc_w.l(isspace_c.o)
    0x080012ca   0x080012ca   0x00000002   PAD
    0x080012cc   0x080012cc   0x0000032c   Code   RO         6394    .text               mc_w.l(_scanf.o)
    0x080015f8   0x080015f8   0x000000a2   Code   RO         6396    .text               mf_w.l(dsqrt.o)
    0x0800169a   0x0800169a   0x00000002   PAD
    0x0800169c   0x0800169c   0x00000028   Code   RO         6400    .text               mc_w.l(ctype_c.o)
    0x080016c4   0x080016c4   0x00000056   Code   RO         6411    .text               mc_w.l(__dczerorl2.o)
    0x0800171a   0x0800171a   0x00000002   PAD
    0x0800171c   0x0800171c   0x00000060   Code   RO          147    i.AK8963readRegister  sensor.o
    0x0800177c   0x0800177c   0x00000054   Code   RO          148    i.AK8963writeRegister  sensor.o
    0x080017d0   0x080017d0   0x00000002   Code   RO         1107    i.BusFault_Handler  stm32f1xx_it.o
    0x080017d2   0x080017d2   0x00000006   Code   RO          698    i.Change_UART_BaudRate  c1098.o
    0x080017d8   0x080017d8   0x0000000c   Code   RO         1108    i.DMA1_Channel5_IRQHandler  stm32f1xx_it.o
    0x080017e4   0x080017e4   0x0000016c   Code   RO           13    i.DMA_IrqHandler    dma_iddle.o
    0x08001950   0x08001950   0x0000002a   Code   RO         1676    i.DMA_SetConfig     stm32f1xx_hal_dma.o
    0x0800197a   0x0800197a   0x00000002   Code   RO         1109    i.DebugMon_Handler  stm32f1xx_it.o
    0x0800197c   0x0800197c   0x00000006   Code   RO         1110    i.EXTI0_IRQHandler  stm32f1xx_it.o
    0x08001982   0x08001982   0x00000002   PAD
    0x08001984   0x08001984   0x0000011c   Code   RO         1111    i.EXTI1_IRQHandler  stm32f1xx_it.o
    0x08001aa0   0x08001aa0   0x00000002   Code   RO          763    i.Error_Handler     main.o
    0x08001aa2   0x08001aa2   0x00000002   PAD
    0x08001aa4   0x08001aa4   0x000000e4   Code   RO          149    i.GPS_Process       sensor.o
    0x08001b88   0x08001b88   0x00000130   Code   RO         1678    i.HAL_DMA_Abort_IT  stm32f1xx_hal_dma.o
    0x08001cb8   0x08001cb8   0x00000248   Code   RO         1682    i.HAL_DMA_IRQHandler  stm32f1xx_hal_dma.o
    0x08001f00   0x08001f00   0x0000007c   Code   RO         1683    i.HAL_DMA_Init      stm32f1xx_hal_dma.o
    0x08001f7c   0x08001f7c   0x00000070   Code   RO         1687    i.HAL_DMA_Start_IT  stm32f1xx_hal_dma.o
    0x08001fec   0x08001fec   0x00000024   Code   RO         1305    i.HAL_Delay         stm32f1xx_hal.o
    0x08002010   0x08002010   0x00000002   Code   RO         1611    i.HAL_GPIO_EXTI_Callback  stm32f1xx_hal_gpio.o
    0x08002012   0x08002012   0x00000002   PAD
    0x08002014   0x08002014   0x00000018   Code   RO         1612    i.HAL_GPIO_EXTI_IRQHandler  stm32f1xx_hal_gpio.o
    0x0800202c   0x0800202c   0x000001f8   Code   RO         1613    i.HAL_GPIO_Init     stm32f1xx_hal_gpio.o
    0x08002224   0x08002224   0x00000010   Code   RO         1616    i.HAL_GPIO_TogglePin  stm32f1xx_hal_gpio.o
    0x08002234   0x08002234   0x0000000a   Code   RO         1617    i.HAL_GPIO_WritePin  stm32f1xx_hal_gpio.o
    0x0800223e   0x0800223e   0x00000002   PAD
    0x08002240   0x08002240   0x0000000c   Code   RO         1309    i.HAL_GetTick       stm32f1xx_hal.o
    0x0800224c   0x0800224c   0x00000188   Code   RO         2284    i.HAL_I2C_Init      stm32f1xx_hal_i2c.o
    0x080023d4   0x080023d4   0x0000016c   Code   RO         2285    i.HAL_I2C_IsDeviceReady  stm32f1xx_hal_i2c.o
    0x08002540   0x08002540   0x00000244   Code   RO         2290    i.HAL_I2C_Master_Receive  stm32f1xx_hal_i2c.o
    0x08002784   0x08002784   0x0000012c   Code   RO         2297    i.HAL_I2C_Master_Transmit  stm32f1xx_hal_i2c.o
    0x080028b0   0x080028b0   0x00000060   Code   RO          964    i.HAL_I2C_MspInit   i2c.o
    0x08002910   0x08002910   0x00000010   Code   RO         1315    i.HAL_IncTick       stm32f1xx_hal.o
    0x08002920   0x08002920   0x00000024   Code   RO         1316    i.HAL_Init          stm32f1xx_hal.o
    0x08002944   0x08002944   0x00000074   Code   RO         1223    i.HAL_InitTick      stm32f1xx_hal_timebase_tim.o
    0x080029b8   0x080029b8   0x0000003c   Code   RO         1199    i.HAL_MspInit       stm32f1xx_hal_msp.o
    0x080029f4   0x080029f4   0x0000001a   Code   RO         1773    i.HAL_NVIC_EnableIRQ  stm32f1xx_hal_cortex.o
    0x08002a0e   0x08002a0e   0x00000002   PAD
    0x08002a10   0x08002a10   0x00000040   Code   RO         1779    i.HAL_NVIC_SetPriority  stm32f1xx_hal_cortex.o
    0x08002a50   0x08002a50   0x00000024   Code   RO         1780    i.HAL_NVIC_SetPriorityGrouping  stm32f1xx_hal_cortex.o
    0x08002a74   0x08002a74   0x0000012c   Code   RO         1473    i.HAL_RCC_ClockConfig  stm32f1xx_hal_rcc.o
    0x08002ba0   0x08002ba0   0x00000040   Code   RO         1477    i.HAL_RCC_GetClockConfig  stm32f1xx_hal_rcc.o
    0x08002be0   0x08002be0   0x00000020   Code   RO         1480    i.HAL_RCC_GetPCLK1Freq  stm32f1xx_hal_rcc.o
    0x08002c00   0x08002c00   0x00000020   Code   RO         1481    i.HAL_RCC_GetPCLK2Freq  stm32f1xx_hal_rcc.o
    0x08002c20   0x08002c20   0x0000006c   Code   RO         1482    i.HAL_RCC_GetSysClockFreq  stm32f1xx_hal_rcc.o
    0x08002c8c   0x08002c8c   0x00000320   Code   RO         1485    i.HAL_RCC_OscConfig  stm32f1xx_hal_rcc.o
    0x08002fac   0x08002fac   0x000000b2   Code   RO         2711    i.HAL_SPI_Init      stm32f1xx_hal_spi.o
    0x0800305e   0x0800305e   0x00000002   PAD
    0x08003060   0x08003060   0x000000b8   Code   RO         1006    i.HAL_SPI_MspInit   spi.o
    0x08003118   0x08003118   0x0000015a   Code   RO         2714    i.HAL_SPI_Receive   stm32f1xx_hal_spi.o
    0x08003272   0x08003272   0x00000166   Code   RO         2719    i.HAL_SPI_Transmit  stm32f1xx_hal_spi.o
    0x080033d8   0x080033d8   0x000001e2   Code   RO         2720    i.HAL_SPI_TransmitReceive  stm32f1xx_hal_spi.o
    0x080035ba   0x080035ba   0x00000002   Code   RO         3728    i.HAL_TIMEx_BreakCallback  stm32f1xx_hal_tim_ex.o
    0x080035bc   0x080035bc   0x00000002   Code   RO         3729    i.HAL_TIMEx_CommutCallback  stm32f1xx_hal_tim_ex.o
    0x080035be   0x080035be   0x0000005a   Code   RO         3024    i.HAL_TIM_Base_Init  stm32f1xx_hal_tim.o
    0x08003618   0x08003618   0x00000002   Code   RO         3026    i.HAL_TIM_Base_MspInit  stm32f1xx_hal_tim.o
    0x0800361a   0x0800361a   0x00000002   PAD
    0x0800361c   0x0800361c   0x0000006c   Code   RO         3029    i.HAL_TIM_Base_Start_IT  stm32f1xx_hal_tim.o
    0x08003688   0x08003688   0x00000002   Code   RO         3058    i.HAL_TIM_IC_CaptureCallback  stm32f1xx_hal_tim.o
    0x0800368a   0x0800368a   0x00000166   Code   RO         3072    i.HAL_TIM_IRQHandler  stm32f1xx_hal_tim.o
    0x080037f0   0x080037f0   0x00000002   Code   RO         3075    i.HAL_TIM_OC_DelayElapsedCallback  stm32f1xx_hal_tim.o
    0x080037f2   0x080037f2   0x00000002   Code   RO         3102    i.HAL_TIM_PWM_PulseFinishedCallback  stm32f1xx_hal_tim.o
    0x080037f4   0x080037f4   0x00000014   Code   RO          764    i.HAL_TIM_PeriodElapsedCallback  main.o
    0x08003808   0x08003808   0x00000002   Code   RO         3115    i.HAL_TIM_TriggerCallback  stm32f1xx_hal_tim.o
    0x0800380a   0x0800380a   0x00000002   Code   RO         4016    i.HAL_UART_ErrorCallback  stm32f1xx_hal_uart.o
    0x0800380c   0x0800380c   0x0000015c   Code   RO         4019    i.HAL_UART_IRQHandler  stm32f1xx_hal_uart.o
    0x08003968   0x08003968   0x00000062   Code   RO         4020    i.HAL_UART_Init     stm32f1xx_hal_uart.o
    0x080039ca   0x080039ca   0x00000002   PAD
    0x080039cc   0x080039cc   0x00000164   Code   RO         1054    i.HAL_UART_MspInit  usart.o
    0x08003b30   0x08003b30   0x000000bc   Code   RO         4023    i.HAL_UART_Receive  stm32f1xx_hal_uart.o
    0x08003bec   0x08003bec   0x00000098   Code   RO         4024    i.HAL_UART_Receive_DMA  stm32f1xx_hal_uart.o
    0x08003c84   0x08003c84   0x00000002   Code   RO         4026    i.HAL_UART_RxCpltCallback  stm32f1xx_hal_uart.o
    0x08003c86   0x08003c86   0x00000002   Code   RO         4027    i.HAL_UART_RxHalfCpltCallback  stm32f1xx_hal_uart.o
    0x08003c88   0x08003c88   0x000000b2   Code   RO         4028    i.HAL_UART_Transmit  stm32f1xx_hal_uart.o
    0x08003d3a   0x08003d3a   0x00000002   Code   RO         4031    i.HAL_UART_TxCpltCallback  stm32f1xx_hal_uart.o
    0x08003d3c   0x08003d3c   0x00000002   Code   RO         1112    i.HardFault_Handler  stm32f1xx_it.o
    0x08003d3e   0x08003d3e   0x0000002e   Code   RO         2326    i.I2C_IsAcknowledgeFailed  stm32f1xx_hal_i2c.o
    0x08003d6c   0x08003d6c   0x000000ec   Code   RO         2329    i.I2C_MasterRequestRead  stm32f1xx_hal_i2c.o
    0x08003e58   0x08003e58   0x0000009c   Code   RO         2330    i.I2C_MasterRequestWrite  stm32f1xx_hal_i2c.o
    0x08003ef4   0x08003ef4   0x0000004c   Code   RO         2340    i.I2C_WaitOnBTFFlagUntilTimeout  stm32f1xx_hal_i2c.o
    0x08003f40   0x08003f40   0x00000068   Code   RO         2341    i.I2C_WaitOnFlagUntilTimeout  stm32f1xx_hal_i2c.o
    0x08003fa8   0x08003fa8   0x00000096   Code   RO         2342    i.I2C_WaitOnMasterAddressFlagUntilTimeout  stm32f1xx_hal_i2c.o
    0x0800403e   0x0800403e   0x00000066   Code   RO         2343    i.I2C_WaitOnRXNEFlagUntilTimeout  stm32f1xx_hal_i2c.o
    0x080040a4   0x080040a4   0x0000004c   Code   RO         2344    i.I2C_WaitOnTXEFlagUntilTimeout  stm32f1xx_hal_i2c.o
    0x080040f0   0x080040f0   0x000001dc   Code   RO          150    i.IMUconfig         sensor.o
    0x080042cc   0x080042cc   0x0000002e   Code   RO          151    i.IMUreadRegister   sensor.o
    0x080042fa   0x080042fa   0x00000002   PAD
    0x080042fc   0x080042fc   0x0000000c   Code   RO          152    i.IMUread_AcelX     sensor.o
    0x08004308   0x08004308   0x0000000c   Code   RO          153    i.IMUread_AcelY     sensor.o
    0x08004314   0x08004314   0x0000000c   Code   RO          154    i.IMUread_AcelZ     sensor.o
    0x08004320   0x08004320   0x0000000c   Code   RO          155    i.IMUread_GyrX      sensor.o
    0x0800432c   0x0800432c   0x0000000c   Code   RO          156    i.IMUread_GyrY      sensor.o
    0x08004338   0x08004338   0x0000000c   Code   RO          157    i.IMUread_GyrZ      sensor.o
    0x08004344   0x08004344   0x0000000c   Code   RO          158    i.IMUread_MagX      sensor.o
    0x08004350   0x08004350   0x0000000c   Code   RO          159    i.IMUread_MagY      sensor.o
    0x0800435c   0x0800435c   0x0000000c   Code   RO          160    i.IMUread_MagZ      sensor.o
    0x08004368   0x08004368   0x00000042   Code   RO          162    i.IMUwriteRegister  sensor.o
    0x080043aa   0x080043aa   0x00000002   PAD
    0x080043ac   0x080043ac   0x00000060   Code   RO          163    i.INA219_BusV       sensor.o
    0x0800440c   0x0800440c   0x0000004c   Code   RO          164    i.INA219_Current    sensor.o
    0x08004458   0x08004458   0x00000064   Code   RO          167    i.INAbegin          sensor.o
    0x080044bc   0x080044bc   0x0000002c   Code   RO          939    i.MX_DMA_Init       dma.o
    0x080044e8   0x080044e8   0x00000044   Code   RO          864    i.MX_FREERTOS_Init  freertos.o
    0x0800452c   0x0800452c   0x00000104   Code   RO          840    i.MX_GPIO_Init      gpio.o
    0x08004630   0x08004630   0x00000040   Code   RO          965    i.MX_I2C2_Init      i2c.o
    0x08004670   0x08004670   0x00000048   Code   RO         1007    i.MX_SPI1_Init      spi.o
    0x080046b8   0x080046b8   0x00000048   Code   RO         1008    i.MX_SPI2_Init      spi.o
    0x08004700   0x08004700   0x00000038   Code   RO         1055    i.MX_USART1_UART_Init  usart.o
    0x08004738   0x08004738   0x00000038   Code   RO         1056    i.MX_USART2_UART_Init  usart.o
    0x08004770   0x08004770   0x00000038   Code   RO         1057    i.MX_USART3_UART_Init  usart.o
    0x080047a8   0x080047a8   0x00000002   Code   RO         1113    i.MemManage_Handler  stm32f1xx_it.o
    0x080047aa   0x080047aa   0x00000002   Code   RO         1114    i.NMI_Handler       stm32f1xx_it.o
    0x080047ac   0x080047ac   0x0000005c   Code   RO         2748    i.SPI_EndRxTransaction  stm32f1xx_hal_spi.o
    0x08004808   0x08004808   0x00000020   Code   RO         2749    i.SPI_EndRxTxTransaction  stm32f1xx_hal_spi.o
    0x08004828   0x08004828   0x000000b8   Code   RO         2754    i.SPI_WaitFlagStateUntilTimeout  stm32f1xx_hal_spi.o
    0x080048e0   0x080048e0   0x00000108   Code   RO          486    i.SX1278_BeginFSK   lora.o
    0x080049e8   0x080049e8   0x000000de   Code   RO          487    i.SX1278_BeginLora  lora.o
    0x08004ac6   0x08004ac6   0x00000002   PAD
    0x08004ac8   0x08004ac8   0x00000038   Code   RO          488    i.SX1278_BeginMorse  lora.o
    0x08004b00   0x08004b00   0x00000014   Code   RO          489    i.SX1278_GetModem   lora.o
    0x08004b14   0x08004b14   0x00000050   Code   RO          490    i.SX1278_ReadBurst  lora.o
    0x08004b64   0x08004b64   0x00000010   Code   RO          491    i.SX1278_ReadByte   lora.o
    0x08004b74   0x08004b74   0x000000ec   Code   RO          492    i.SX1278_SetChannel  lora.o
    0x08004c60   0x08004c60   0x00000054   Code   RO          493    i.SX1278_SetLNA     lora.o
    0x08004cb4   0x08004cb4   0x00000052   Code   RO          494    i.SX1278_SetModem   lora.o
    0x08004d06   0x08004d06   0x0000001e   Code   RO          495    i.SX1278_SetOpMode  lora.o
    0x08004d24   0x08004d24   0x0000004a   Code   RO          496    i.SX1278_SetPreambleLength  lora.o
    0x08004d6e   0x08004d6e   0x00000050   Code   RO          497    i.SX1278_WriteBurst  lora.o
    0x08004dbe   0x08004dbe   0x0000000c   Code   RO          498    i.SX1278_WriteByte  lora.o
    0x08004dca   0x08004dca   0x0000003a   Code   RO          499    i.SX1278_addressFiltering  lora.o
    0x08004e04   0x08004e04   0x0000002c   Code   RO          500    i.SX1278_dataShaping  lora.o
    0x08004e30   0x08004e30   0x0000001c   Code   RO          502    i.SX1278_receive    lora.o
    0x08004e4c   0x08004e4c   0x00000024   Code   RO          503    i.SX1278_reset      lora.o
    0x08004e70   0x08004e70   0x00000028   Code   RO          504    i.SX1278_setBitRate  lora.o
    0x08004e98   0x08004e98   0x00000028   Code   RO          505    i.SX1278_setFreqDev  lora.o
    0x08004ec0   0x08004ec0   0x00000032   Code   RO          506    i.SX1278_setRXBW    lora.o
    0x08004ef2   0x08004ef2   0x00000054   Code   RO          507    i.SX1278_startReceive  lora.o
    0x08004f46   0x08004f46   0x00000022   Code   RO          508    i.SX1278_transmitMorse  lora.o
    0x08004f68   0x08004f68   0x00000090   Code   RO          509    i.SX1278_writeMorse  lora.o
    0x08004ff8   0x08004ff8   0x00000066   Code   RO          510    i.SetCurrentLimit   lora.o
    0x0800505e   0x0800505e   0x00000002   PAD
    0x08005060   0x08005060   0x0000002c   Code   RO         5894    i.SysTick_Handler   port.o
    0x0800508c   0x0800508c   0x0000004e   Code   RO          765    i.SystemClock_Config  main.o
    0x080050da   0x080050da   0x00000002   Code   RO         4317    i.SystemInit        system_stm32f1xx.o
    0x080050dc   0x080050dc   0x0000000c   Code   RO         1115    i.TIM4_IRQHandler   stm32f1xx_it.o
    0x080050e8   0x080050e8   0x0000008c   Code   RO         3117    i.TIM_Base_SetConfig  stm32f1xx_hal_tim.o
    0x08005174   0x08005174   0x0000002c   Code   RO          168    i.TMPconfig         sensor.o
    0x080051a0   0x080051a0   0x00000040   Code   RO          169    i.TMPtemp           sensor.o
    0x080051e0   0x080051e0   0x00000010   Code   RO         4033    i.UART_DMAAbortOnError  stm32f1xx_hal_uart.o
    0x080051f0   0x080051f0   0x0000004a   Code   RO         4034    i.UART_DMAError     stm32f1xx_hal_uart.o
    0x0800523a   0x0800523a   0x0000003c   Code   RO         4035    i.UART_DMAReceiveCplt  stm32f1xx_hal_uart.o
    0x08005276   0x08005276   0x0000000a   Code   RO         4037    i.UART_DMARxHalfCplt  stm32f1xx_hal_uart.o
    0x08005280   0x08005280   0x0000001c   Code   RO         4043    i.UART_EndRxTransfer  stm32f1xx_hal_uart.o
    0x0800529c   0x0800529c   0x00000012   Code   RO         4044    i.UART_EndTxTransfer  stm32f1xx_hal_uart.o
    0x080052ae   0x080052ae   0x0000008c   Code   RO         4045    i.UART_Receive_IT   stm32f1xx_hal_uart.o
    0x0800533a   0x0800533a   0x00000002   PAD
    0x0800533c   0x0800533c   0x000000b8   Code   RO         4046    i.UART_SetConfig    stm32f1xx_hal_uart.o
    0x080053f4   0x080053f4   0x00000064   Code   RO         4047    i.UART_WaitOnFlagUntilTimeout  stm32f1xx_hal_uart.o
    0x08005458   0x08005458   0x00000024   Code   RO         1116    i.USART1_IRQHandler  stm32f1xx_it.o
    0x0800547c   0x0800547c   0x0000002a   Code   RO           14    i.USART_IrqHandler  dma_iddle.o
    0x080054a6   0x080054a6   0x00000002   Code   RO         1117    i.UsageFault_Handler  stm32f1xx_it.o
    0x080054a8   0x080054a8   0x00000020   Code   RO         6240    i.__0printf         mc_w.l(printfa.o)
    0x080054c8   0x080054c8   0x00000028   Code   RO         6242    i.__0sprintf        mc_w.l(printfa.o)
    0x080054f0   0x080054f0   0x00000028   Code   RO         6324    i.__ARM_fpclassify  m_ws.l(fpclassify.o)
    0x08005518   0x08005518   0x00000020   Code   RO         1786    i.__NVIC_SetPriority  stm32f1xx_hal_cortex.o
    0x08005538   0x08005538   0x000000aa   Code   RO         6326    i.__kernel_poly     m_ws.l(poly.o)
    0x080055e2   0x080055e2   0x00000002   PAD
    0x080055e4   0x080055e4   0x00000010   Code   RO         6310    i.__mathlib_dbl_divzero  m_ws.l(dunder.o)
    0x080055f4   0x080055f4   0x00000004   Code   RO         6312    i.__mathlib_dbl_infnan2  m_ws.l(dunder.o)
    0x080055f8   0x080055f8   0x0000000c   Code   RO         6313    i.__mathlib_dbl_invalid  m_ws.l(dunder.o)
    0x08005604   0x08005604   0x0000000e   Code   RO         6314    i.__mathlib_dbl_overflow  m_ws.l(dunder.o)
    0x08005612   0x08005612   0x00000002   PAD
    0x08005614   0x08005614   0x00000010   Code   RO         6316    i.__mathlib_dbl_underflow  m_ws.l(dunder.o)
    0x08005624   0x08005624   0x0000000e   Code   RO         6405    i.__scatterload_copy  mc_w.l(handlers.o)
    0x08005632   0x08005632   0x00000002   Code   RO         6406    i.__scatterload_null  mc_w.l(handlers.o)
    0x08005634   0x08005634   0x0000000e   Code   RO         6407    i.__scatterload_zeroinit  mc_w.l(handlers.o)
    0x08005642   0x08005642   0x00000002   PAD
    0x08005644   0x08005644   0x0000000c   Code   RO         6362    i.__set_errno       mc_w.l(errno.o)
    0x08005650   0x08005650   0x00000184   Code   RO         6247    i._fp_digits        mc_w.l(printfa.o)
    0x080057d4   0x080057d4   0x0000000e   Code   RO         6276    i._is_digit         mc_w.l(scanf_fp.o)
    0x080057e2   0x080057e2   0x00000002   PAD
    0x080057e4   0x080057e4   0x000006dc   Code   RO         6248    i._printf_core      mc_w.l(printfa.o)
    0x08005ec0   0x08005ec0   0x00000024   Code   RO         6249    i._printf_post_padding  mc_w.l(printfa.o)
    0x08005ee4   0x08005ee4   0x0000002e   Code   RO         6250    i._printf_pre_padding  mc_w.l(printfa.o)
    0x08005f12   0x08005f12   0x0000000a   Code   RO         6252    i._sputc            mc_w.l(printfa.o)
    0x08005f1c   0x08005f1c   0x0000004c   Code   RO          170    i.bmpAlt            sensor.o
    0x08005f68   0x08005f68   0x000001c0   Code   RO          171    i.bmpPress          sensor.o
    0x08006128   0x08006128   0x00000088   Code   RO          172    i.bmpTemp           sensor.o
    0x080061b0   0x080061b0   0x000001e0   Code   RO          173    i.bmpconfig         sensor.o
    0x08006390   0x08006390   0x00000198   Code   RO          174    i.calGyro           sensor.o
    0x08006528   0x08006528   0x0000012c   Code   RO          700    i.camera_init       c1098.o
    0x08006654   0x08006654   0x0000005c   Code   RO          701    i.camera_sync       c1098.o
    0x080066b0   0x080066b0   0x00000030   Code   RO           15    i.check_for         dma_iddle.o
    0x080066e0   0x080066e0   0x00000054   Code   RO          175    i.convertDegMinToDecDeg  sensor.o
    0x08006734   0x08006734   0x00000094   Code   RO         5971    i.fmod              m_ws.l(fmod.o)
    0x080067c8   0x080067c8   0x00000018   Code   RO          766    i.fputc             main.o
    0x080067e0   0x080067e0   0x00000134   Code   RO          702    i.get_picture       c1098.o
    0x08006914   0x08006914   0x00000014   Code   RO          512    i.gpio_write        lora.o
    0x08006928   0x08006928   0x00000138   Code   RO          767    i.main              main.o
    0x08006a60   0x08006a60   0x00000080   Code   RO          865    i.morseTask02       freertos.o
    0x08006ae0   0x08006ae0   0x00000034   Code   RO         5423    i.osDelay           cmsis_os2.o
    0x08006b14   0x08006b14   0x00000038   Code   RO         5437    i.osKernelInitialize  cmsis_os2.o
    0x08006b4c   0x08006b4c   0x00000040   Code   RO         5440    i.osKernelStart     cmsis_os2.o
    0x08006b8c   0x08006b8c   0x000000a4   Code   RO         5474    i.osThreadNew       cmsis_os2.o
    0x08006c30   0x08006c30   0x00000258   Code   RO          866    i.parse             freertos.o
    0x08006e88   0x08006e88   0x000009d8   Code   RO         5979    i.pow               m_ws.l(pow.o)
    0x08007860   0x08007860   0x0000005c   Code   RO         4919    i.prvAddCurrentTaskToDelayedList  tasks.o
    0x080078bc   0x080078bc   0x000000d0   Code   RO         4920    i.prvAddNewTaskToReadyList  tasks.o
    0x0800798c   0x0800798c   0x00000058   Code   RO         5269    i.prvCheckForValidListAndQueue  timers.o
    0x080079e4   0x080079e4   0x00000026   Code   RO         4522    i.prvCopyDataFromQueue  queue.o
    0x08007a0a   0x08007a0a   0x0000006c   Code   RO         4523    i.prvCopyDataToQueue  queue.o
    0x08007a76   0x08007a76   0x00000034   Code   RO         4921    i.prvDeleteTCB      tasks.o
    0x08007aaa   0x08007aaa   0x00000002   PAD
    0x08007aac   0x08007aac   0x0000004c   Code   RO         5844    i.prvHeapInit       heap_4.o
    0x08007af8   0x08007af8   0x00000060   Code   RO         4922    i.prvIdleTask       tasks.o
    0x08007b58   0x08007b58   0x00000022   Code   RO         4525    i.prvInitialiseNewQueue  queue.o
    0x08007b7a   0x08007b7a   0x0000009c   Code   RO         4923    i.prvInitialiseNewTask  tasks.o
    0x08007c16   0x08007c16   0x00000002   PAD
    0x08007c18   0x08007c18   0x0000004c   Code   RO         5845    i.prvInsertBlockIntoFreeList  heap_4.o
    0x08007c64   0x08007c64   0x00000038   Code   RO         5271    i.prvInsertTimerInActiveList  timers.o
    0x08007c9c   0x08007c9c   0x0000001c   Code   RO         4526    i.prvIsQueueEmpty   queue.o
    0x08007cb8   0x08007cb8   0x000000cc   Code   RO         5272    i.prvProcessReceivedCommands  timers.o
    0x08007d84   0x08007d84   0x000000b4   Code   RO         5273    i.prvProcessTimerOrBlockTask  timers.o
    0x08007e38   0x08007e38   0x00000020   Code   RO         4925    i.prvResetNextTaskUnblockTime  tasks.o
    0x08007e58   0x08007e58   0x00000028   Code   RO         5274    i.prvSampleTimeNow  timers.o
    0x08007e80   0x08007e80   0x0000006c   Code   RO         5275    i.prvSwitchTimerLists  timers.o
    0x08007eec   0x08007eec   0x00000028   Code   RO         5895    i.prvTaskExitError  port.o
    0x08007f14   0x08007f14   0x00000024   Code   RO         5276    i.prvTimerTask      timers.o
    0x08007f38   0x08007f38   0x0000006a   Code   RO         4527    i.prvUnlockQueue    queue.o
    0x08007fa2   0x08007fa2   0x00000002   PAD
    0x08007fa4   0x08007fa4   0x000000d8   Code   RO         5846    i.pvPortMalloc      heap_4.o
    0x0800807c   0x0800807c   0x00000024   Code   RO         5896    i.pxPortInitialiseStack  port.o
    0x080080a0   0x080080a0   0x0000017c   Code   RO          176    i.readIMU           sensor.o
    0x0800821c   0x0800821c   0x00000058   Code   RO          867    i.scan_I2C          freertos.o
    0x08008274   0x08008274   0x00000024   Code   RO          868    i.secundaryTask03   freertos.o
    0x08008298   0x08008298   0x00000050   Code   RO          703    i.snap_shot         c1098.o
    0x080082e8   0x080082e8   0x0000004c   Code   RO         6330    i.sqrt              m_ws.l(sqrt.o)
    0x08008334   0x08008334   0x00000068   Code   RO          513    i.sx1278_SetOutputPower  lora.o
    0x0800839c   0x0800839c   0x0000002e   Code   RO          514    i.sx1278_clearIRQ   lora.o
    0x080083ca   0x080083ca   0x00000070   Code   RO          515    i.sx1278_startTransmit  lora.o
    0x0800843a   0x0800843a   0x00000002   PAD
    0x0800843c   0x0800843c   0x000000b4   Code   RO          516    i.sx1278_transmit   lora.o
    0x080084f0   0x080084f0   0x00000088   Code   RO          704    i.sync              c1098.o
    0x08008578   0x08008578   0x00000274   Code   RO          869    i.telemetriaTask01  freertos.o
    0x080087ec   0x080087ec   0x00000026   Code   RO         4482    i.uxListRemove      list.o
    0x08008812   0x08008812   0x00000002   PAD
    0x08008814   0x08008814   0x00000014   Code   RO         5486    i.vApplicationGetIdleTaskMemory  cmsis_os2.o
    0x08008828   0x08008828   0x00000018   Code   RO         5487    i.vApplicationGetTimerTaskMemory  cmsis_os2.o
    0x08008840   0x08008840   0x00000016   Code   RO         4483    i.vListInitialise   list.o
    0x08008856   0x08008856   0x00000006   Code   RO         4484    i.vListInitialiseItem  list.o
    0x0800885c   0x0800885c   0x00000030   Code   RO         4485    i.vListInsert       list.o
    0x0800888c   0x0800888c   0x00000018   Code   RO         4486    i.vListInsertEnd    list.o
    0x080088a4   0x080088a4   0x00000040   Code   RO         5898    i.vPortEnterCritical  port.o
    0x080088e4   0x080088e4   0x00000028   Code   RO         5899    i.vPortExitCritical  port.o
    0x0800890c   0x0800890c   0x0000005c   Code   RO         5847    i.vPortFree         heap_4.o
    0x08008968   0x08008968   0x00000024   Code   RO         5900    i.vPortSetupTimerInterrupt  port.o
    0x0800898c   0x0800898c   0x00000054   Code   RO         5901    i.vPortValidateInterruptPriority  port.o
    0x080089e0   0x080089e0   0x00000028   Code   RO         4533    i.vQueueAddToRegistry  queue.o
    0x08008a08   0x08008a08   0x00000044   Code   RO         4537    i.vQueueWaitForMessageRestricted  queue.o
    0x08008a4c   0x08008a4c   0x0000004c   Code   RO         4937    i.vTaskDelay        tasks.o
    0x08008a98   0x08008a98   0x00000010   Code   RO         4942    i.vTaskInternalSetTimeOutState  tasks.o
    0x08008aa8   0x08008aa8   0x0000000c   Code   RO         4943    i.vTaskMissedYield  tasks.o
    0x08008ab4   0x08008ab4   0x00000030   Code   RO         4945    i.vTaskPlaceOnEventList  tasks.o
    0x08008ae4   0x08008ae4   0x00000038   Code   RO         4946    i.vTaskPlaceOnEventListRestricted  tasks.o
    0x08008b1c   0x08008b1c   0x00000088   Code   RO         4954    i.vTaskStartScheduler  tasks.o
    0x08008ba4   0x08008ba4   0x00000010   Code   RO         4956    i.vTaskSuspendAll   tasks.o
    0x08008bb4   0x08008bb4   0x00000064   Code   RO         4957    i.vTaskSwitchContext  tasks.o
    0x08008c18   0x08008c18   0x000000a8   Code   RO         5902    i.xPortStartScheduler  port.o
    0x08008cc0   0x08008cc0   0x00000066   Code   RO         4543    i.xQueueGenericCreateStatic  queue.o
    0x08008d26   0x08008d26   0x00000002   PAD
    0x08008d28   0x08008d28   0x00000088   Code   RO         4544    i.xQueueGenericReset  queue.o
    0x08008db0   0x08008db0   0x00000160   Code   RO         4545    i.xQueueGenericSend  queue.o
    0x08008f10   0x08008f10   0x000000bc   Code   RO         4546    i.xQueueGenericSendFromISR  queue.o
    0x08008fcc   0x08008fcc   0x00000138   Code   RO         4555    i.xQueueReceive     queue.o
    0x08009104   0x08009104   0x00000074   Code   RO         4958    i.xTaskCheckForTimeOut  tasks.o
    0x08009178   0x08009178   0x0000005a   Code   RO         4959    i.xTaskCreate       tasks.o
    0x080091d2   0x080091d2   0x00000056   Code   RO         4960    i.xTaskCreateStatic  tasks.o
    0x08009228   0x08009228   0x0000001c   Code   RO         4964    i.xTaskGetSchedulerState  tasks.o
    0x08009244   0x08009244   0x0000000c   Code   RO         4965    i.xTaskGetTickCount  tasks.o
    0x08009250   0x08009250   0x000000c8   Code   RO         4967    i.xTaskIncrementTick  tasks.o
    0x08009318   0x08009318   0x00000080   Code   RO         4970    i.xTaskPriorityDisinherit  tasks.o
    0x08009398   0x08009398   0x00000070   Code   RO         4972    i.xTaskRemoveFromEventList  tasks.o
    0x08009408   0x08009408   0x000000c4   Code   RO         4973    i.xTaskResumeAll    tasks.o
    0x080094cc   0x080094cc   0x00000060   Code   RO         5283    i.xTimerCreateTimerTask  timers.o
    0x0800952c   0x0800952c   0x00000068   Code   RO         5284    i.xTimerGenericCommand  timers.o
    0x08009594   0x08009594   0x000001a8   Data   RO          517    .constdata          lora.o
    0x0800973c   0x0800973c   0x0000008e   Data   RO          770    .constdata          main.o
    0x080097ca   0x080097ca   0x00000002   PAD
    0x080097cc   0x080097cc   0x0000006c   Data   RO          871    .constdata          freertos.o
    0x08009838   0x08009838   0x00000010   Data   RO         4318    .constdata          system_stm32f1xx.o
    0x08009848   0x08009848   0x00000008   Data   RO         4319    .constdata          system_stm32f1xx.o
    0x08009850   0x08009850   0x00000088   Data   RO         5980    .constdata          m_ws.l(pow.o)
    0x080098d8   0x080098d8   0x00000008   Data   RO         6328    .constdata          m_ws.l(qnan.o)
    0x080098e0   0x080098e0   0x00000040   Data   RO         6401    .constdata          mc_w.l(ctype_c.o)
    0x08009920   0x08009920   0x0000004a   Data   RO          259    .conststring        sensor.o
    0x0800996a   0x0800996a   0x00000002   PAD
    0x0800996c   0x0800996c   0x0000002a   Data   RO          872    .conststring        freertos.o
    0x08009996   0x08009996   0x00000002   PAD
    0x08009998   0x08009998   0x00000020   Data   RO         6403    Region$$Table       anon$$obj.o


    Execution Region RW_IRAM1 (Exec base: 0x20000000, Load base: 0x080099b8, Size: 0x00007598, Max: 0x0000c000, ABSOLUTE, COMPRESSED[0x00000034])

    Exec Addr    Load Addr    Size         Type   Attr      Idx    E Section Name        Object

    0x20000000   COMPRESSED   0x00000010   Data   RW           16    .data               dma_iddle.o
    0x20000010   COMPRESSED   0x000000b8   Data   RW          260    .data               sensor.o
    0x200000c8   COMPRESSED   0x00000004   Data   RW          518    .data               lora.o
    0x200000cc   COMPRESSED   0x00000001   Data   RW          773    .data               main.o
    0x200000cd   COMPRESSED   0x00000001   PAD
    0x200000ce   COMPRESSED   0x00000002   Data   RW          774    .data               main.o
    0x200000d0   COMPRESSED   0x0000001c   Data   RW          875    .data               freertos.o
    0x200000ec   COMPRESSED   0x00000001   Data   RW         1119    .data               stm32f1xx_it.o
    0x200000ed   COMPRESSED   0x00000003   PAD
    0x200000f0   COMPRESSED   0x0000000c   Data   RW         1323    .data               stm32f1xx_hal.o
    0x200000fc   COMPRESSED   0x00000004   Data   RW         4320    .data               system_stm32f1xx.o
    0x20000100   COMPRESSED   0x0000003c   Data   RW         4976    .data               tasks.o
    0x2000013c   COMPRESSED   0x00000014   Data   RW         5292    .data               timers.o
    0x20000150   COMPRESSED   0x00000004   Data   RW         5489    .data               cmsis_os2.o
    0x20000154   COMPRESSED   0x00000018   Data   RW         5852    .data               heap_4.o
    0x2000016c   COMPRESSED   0x0000000c   Data   RW         5903    .data               port.o
    0x20000178   COMPRESSED   0x00000004   Data   RW         6351    .data               mc_w.l(stdout.o)
    0x2000017c   COMPRESSED   0x00000004   Data   RW         6363    .data               mc_w.l(errno.o)
    0x20000180        -       0x00000032   Zero   RW          177    .bss                sensor.o
    0x200001b2        -       0x00000258   Zero   RW          768    .bss                main.o
    0x2000040a   COMPRESSED   0x00000006   PAD
    0x20000410        -       0x00003d9c   Zero   RW          870    .bss                freertos.o
    0x200041ac        -       0x00000054   Zero   RW          966    .bss                i2c.o
    0x20004200        -       0x000000b0   Zero   RW         1009    .bss                spi.o
    0x200042b0        -       0x00000104   Zero   RW         1058    .bss                usart.o
    0x200043b4        -       0x000000c8   Zero   RW         1118    .bss                stm32f1xx_it.o
    0x2000447c        -       0x00000048   Zero   RW         1226    .bss                stm32f1xx_hal_timebase_tim.o
    0x200044c4        -       0x00000040   Zero   RW         4559    .bss                queue.o
    0x20004504        -       0x000004c4   Zero   RW         4975    .bss                tasks.o
    0x200049c8        -       0x00000118   Zero   RW         5291    .bss                timers.o
    0x20004ae0        -       0x000006b8   Zero   RW         5488    .bss                cmsis_os2.o
    0x20005198        -       0x00002000   Zero   RW         5851    .bss                heap_4.o
    0x20007198        -       0x00000400   Zero   RW            1    STACK               startup_stm32f103xe.o


==============================================================================

Image component sizes


      Code (inc. data)   RO Data    RW Data    ZI Data      Debug   Object Name

       922         72          0          0          0       5518   c1098.o
       380         32          0          4       1720      14046   cmsis_os2.o
        44          4          0          0          0        698   dma.o
       454         34          0         16          0     501559   dma_iddle.o
         0          0          0          0          0      20024   event_groups.o
      1548        248        150         28      15772       7921   freertos.o
       260         20          0          0          0        947   gpio.o
       460         24          0         24       8192       4495   heap_4.o
       160         28          0          0         84       1509   i2c.o
       138          0          0          0          0       3222   list.o
      2378         30        424          4          0      20560   lora.o
       436         34        142          3        600       3726   main.o
       662         70          0         12          0      10461   port.o
      1512         20          0          0         64      16456   queue.o
      3496        214         74        184         50      36714   sensor.o
       328         42          0          0        176       2154   spi.o
        36          8        304          0       1024        772   startup_stm32f103xe.o
       100         18          0         12          0       5646   stm32f1xx_hal.o
       158         14          0          0          0      28038   stm32f1xx_hal_cortex.o
      1166         52          0          0          0       4274   stm32f1xx_hal_dma.o
       556         48          0          0          0       4449   stm32f1xx_hal_gpio.o
      2582         64          0          0          0      13346   stm32f1xx_hal_i2c.o
        60          8          0          0          0        810   stm32f1xx_hal_msp.o
      1336        110          0          0          0       5617   stm32f1xx_hal_rcc.o
      1672          4          0          0          0       7910   stm32f1xx_hal_spi.o
       706         40          0          0          0       6760   stm32f1xx_hal_tim.o
         4          0          0          0          0       1465   stm32f1xx_hal_tim_ex.o
       116         16          0          0         72       1335   stm32f1xx_hal_timebase_tim.o
      1602         24          0          0          0      12987   stm32f1xx_hal_uart.o
       362         66          0          1        200       5849   stm32f1xx_it.o
         0          0          0          0          0       8864   stream_buffer.o
         2          0         24          4          0       1031   system_stm32f1xx.o
      2064        170          0         60       1220      22496   tasks.o
       912         82          0         20        280      25551   timers.o
       524         60          0          0        260       2979   usart.o

    ----------------------------------------------------------------------
     27176       1656       1156        376      29720     810189   Object Totals
         0          0         32          0          0          0   (incl. Generated)
        40          0          6          4          6          0   (incl. Padding)

    ----------------------------------------------------------------------

      Code (inc. data)   RO Data    RW Data    ZI Data      Debug   Library Member Name

        62         10          0          0          0        340   dunder.o
       148          4          0          0          0         88   fmod.o
        40          0          0          0          0         68   fpclassify.o
       170          0          0          0          0         96   poly.o
      2520        190        136          0          0        324   pow.o
         0          0          8          0          0          0   qnan.o
        76          0          0          0          0         84   sqrt.o
        56          8          0          0          0         84   __0sscanf.o
        86          0          0          0          0          0   __dczerorl2.o
        28          0          0          0          0         68   _chval.o
       812          4          0          0          0        112   _scanf.o
       332          0          0          0          0         96   _scanf_int.o
       224          0          0          0          0         96   _scanf_str.o
        64          0          0          0          0         84   _sgetc.o
        40          6         64          0          0         68   ctype_c.o
         0          0          0          0          0          0   entry.o
         0          0          0          0          0          0   entry10a.o
         0          0          0          0          0          0   entry11a.o
         8          4          0          0          0          0   entry2.o
         4          0          0          0          0          0   entry5.o
         0          0          0          0          0          0   entry7b.o
         0          0          0          0          0          0   entry8b.o
         8          4          0          0          0          0   entry9a.o
        12          6          0          4          0         68   errno.o
        30          0          0          0          0          0   handlers.o
        36          8          0          0          0         68   init.o
        10          0          0          0          0         68   isspace_c.o
         0          0          0          0          0          0   iusefp.o
        98          0          0          0          0         84   ldiv.o
        30          0          0          0          0         68   llshl.o
        36          0          0          0          0         68   llsshr.o
        32          0          0          0          0         68   llushr.o
        36          0          0          0          0         68   memcpya.o
        36          0          0          0          0        108   memseta.o
      2308         96          0          0          0        604   printfa.o
        40          8          0          0          0         84   scanf_char.o
       878         12          0          0          0        216   scanf_fp.o
         0          0          0          4          0          0   stdout.o
        14          0          0          0          0         68   strlen.o
        36          0          0          0          0         80   strstr.o
        44          0          0          0          0         80   uidiv.o
        98          0          0          0          0         92   uldiv.o
        48          0          0          0          0         68   cdrcmple.o
        56          0          0          0          0         88   d2f.o
       334          0          0          0          0        148   dadd.o
       222          0          0          0          0        100   ddiv.o
       186          0          0          0          0        176   depilogue.o
        62          0          0          0          0         80   dfixi.o
        48          0          0          0          0         68   dfixul.o
        34          0          0          0          0         76   dflti.o
        26          0          0          0          0         76   dfltui.o
        24          0          0          0          0         76   dfltul.o
       228          0          0          0          0         96   dmul.o
       134          0          0          0          0         96   drem.o
        46          0          0          0          0         80   dscalb.o
       162          0          0          0          0        100   dsqrt.o
        38          0          0          0          0         68   f2d.o
       176          0          0          0          0        140   fadd.o
       124          0          0          0          0         88   fdiv.o
       110          0          0          0          0        168   fepilogue.o
        50          0          0          0          0         68   ffixi.o
        40          0          0          0          0         68   ffixui.o
        18          0          0          0          0         68   fflti.o
        44          0          0          0          0         92   ffltl.o
        10          0          0          0          0         68   ffltui.o
       100          0          0          0          0         76   fmul.o
        24          0          0          0          0         68   fscalb.o

    ----------------------------------------------------------------------
     10812        360        208          8          0       5800   Library Totals
        16          0          0          0          0          0   (incl. Padding)

    ----------------------------------------------------------------------

      Code (inc. data)   RO Data    RW Data    ZI Data      Debug   Library Name

      3016        204        144          0          0       1000   m_ws.l
      5436        156         64          8          0       2500   mc_w.l
      2344          0          0          0          0       2300   mf_w.l

    ----------------------------------------------------------------------
     10812        360        208          8          0       5800   Library Totals

    ----------------------------------------------------------------------

==============================================================================


      Code (inc. data)   RO Data    RW Data    ZI Data      Debug   

     37988       2016       1364        384      29720     800621   Grand Totals
     37988       2016       1364         52      29720     800621   ELF Image Totals (compressed)
     37988       2016       1364         52          0          0   ROM Totals

==============================================================================

    Total RO  Size (Code + RO Data)                39352 (  38.43kB)
    Total RW  Size (RW Data + ZI Data)             30104 (  29.40kB)
    Total ROM Size (Code + RO Data + RW Data)      39404 (  38.48kB)

==============================================================================

